[solcellskollen.se/rakna-pa-solceller.html]
[solcellskollen.se/index.html]
[solcellskollen.se/hitta-leverantor.html]
[solcellskollen.se/vanliga-fragor.html]
[solcellskollen.se/blogg.html]
[solcellskollen.se/om.html]
[solcellskollen.se/leverantorer.html]
[solcellskollen.se/feedback.html]
[solcellskollen.se/anvandarvillkor.html]
[solcellskollen.se/personuppgiftspolicy.html]
[solcellskollen.se/podcast.html]
[solcellskollen.se/brf/guide-solceller-for-bostadsrattsforeningar.html]
[solcellskollen.se/brf/rakna-pa-solceller.html]
[solcellskollen.se/hitta-leverantor/resultat.html]
[solcellskollen.se/vanliga-fragor/hur-stor-yta-kraver-solceller.html]
[solcellskollen.se/vanliga-fragor/hur-mycket-solceller-bor-jag-installera.html]
[solcellskollen.se/vanliga-fragor/vad-kostar-solceller.html]
[solcellskollen.se/vanliga-fragor/vad-ar-aterbetalningstiden-for-solceller.html]
[solcellskollen.se/vanliga-fragor/hur-lange-haller-solceller.html]
[solcellskollen.se/vanliga-fragor/vilken-lutning-och-vaderstreck-ar-bast-for-solceller.html]
[solcellskollen.se/vanliga-fragor/vilka-bidrag-finns-det-for-solceller.html]
[solcellskollen.se/vanliga-fragor/nar-ar-solceller-ingen-bra-ide.html]
[solcellskollen.se/vanliga-fragor/vilka-solpaneler-ska-man-valja.html]
[solcellskollen.se/vanliga-fragor/vilken-vaxelriktare-ska-man-valja.html]
[solcellskollen.se/vanliga-fragor/bor-man-valja-optimerare-till-sin-solcellsanlaggning.html]
[solcellskollen.se/vanliga-fragor/kan-man-salja-solel.html]
[solcellskollen.se/vanliga-fragor/vilket-elbolag-betalar-bast-for-solelen.html]
[solcellskollen.se/vanliga-fragor/kan-man-lagra-solel.html]
[solcellskollen.se/vanliga-fragor/kopa-solceller-nu-eller-vanta.html]
[solcellskollen.se/vanliga-fragor/lonar-det-sig-att-valja-ett-integrerat-solcellstak.html]
[solcellskollen.se/vanliga-fragor/behover-man-bygglov-for-att-installera-solceller.html]
[solcellskollen.se/vanliga-fragor/vilka-administrativa-steg-kravs-for-en-installation.html]
[solcellskollen.se/vanliga-fragor/ar-solceller-miljovanliga.html]
[solcellskollen.se/vanliga-fragor/vad-hander-nar-jag-ber-om-offert-pa-solcellskollen.html]
[solcellskollen.se/vanliga-fragor/vilka-leverantorer-syns-pa-solcellskollen.html]
[solcellskollen.se/vanliga-fragor/hur-fungerar-solcellskollens-berakningar.html]
[solcellskollen.se/blogg/amnen/batterier.html]
[solcellskollen.se/blogg/arkiv.html]
[solcellskollen.se/blogg/amnen/bygglov-for-solceller.html]
[solcellskollen.se/blogg/amnen/det-fornybara-energisystemet.html]
[solcellskollen.se/blogg/amnen/elbilar.html]
[solcellskollen.se/blogg/amnen/elcertifikat.html]
[solcellskollen.se/blogg/amnen/elpriser.html]
[solcellskollen.se/blogg/amnen/guider-infor-ett-solcellskop.html]
[solcellskollen.se/blogg/amnen/installation-av-solceller.html]
[solcellskollen.se/blogg/amnen/investeringsstod.html]
[solcellskollen.se/blogg/amnen/nytt-pa-solcellskollen.html]
[solcellskollen.se/blogg/amnen/optimerare.html]
[solcellskollen.se/blogg/amnen/solceller-for-brfer.html]
[solcellskollen.se/blogg/amnen/solcellsekonomi.html]
[solcellskollen.se/blogg/amnen/solcellskollens-podcast.html]
[solcellskollen.se/blogg/amnen/solcellsmarknadens-utveckling.html]
[solcellskollen.se/blogg/amnen/solcellsparker.html]
[solcellskollen.se/blogg/amnen/solcellsutveckling-och-forskning.html]
[solcellskollen.se/blogg/amnen/solpaneler.html]
[solcellskollen.se/blogg/amnen/studiebesok.html]
[solcellskollen.se/blogg/amnen/takintegrerade-solceller.html]
[solcellskollen.se/blogg/amnen/vaxelriktare.html]
[solcellskollen.se/blogg/om-hur-lars-ake-inspirerade-tre-bostadsrattsforeningar-att-satsa-pa-solceller.html]
[solcellskollen.se/blogg/tibor-blomhall-om-praktiska-erfarenheter-av-10-ar-med-elbilar.html]
[solcellskollen.se/blogg/vad-hander-om-man-producerar-mer-solel-an-vad-man-gor-av-med.html]
[solcellskollen.se/blogg/haller-batterimarknaden-for-solcellsagare-pa-att-ta-fart.html]
[solcellskollen.se/blogg/ola-lagrar-solel-i-batterier-och-haller-nere-husets-effekttoppar.html]
[solcellskollen.se/blogg/om-kw-kwp-och-hur-man-far-fram-effekten-for-en-solcellsanlaggning.html]
[solcellskollen.se/blogg/dags-att-lagga-om-taket-vi-gar-igenom-nar-takintegrerade-solpaneler-lampar-sig-och-nar-de-inte-gor-det.html]
[solcellskollen.se/hitta-leverantor/arlov.html]
[solcellskollen.se/hitta-leverantor/alingsas.html]
[solcellskollen.se/hitta-leverantor/boras.html]
[solcellskollen.se/hitta-leverantor/bunkeflostrand.html]
[solcellskollen.se/hitta-leverantor/degerfors.html]
[solcellskollen.se/hitta-leverantor/edsbyn.html]
[solcellskollen.se/hitta-leverantor/eskilstuna.html]
[solcellskollen.se/hitta-leverantor/falkenberg.html]
[solcellskollen.se/hitta-leverantor/falun.html]
[solcellskollen.se/hitta-leverantor/froson.html]
[solcellskollen.se/hitta-leverantor/farjestaden.html]
[solcellskollen.se/hitta-leverantor/getinge.html]
[solcellskollen.se/hitta-leverantor/gavle.html]
[solcellskollen.se/hitta-leverantor/goteborg.html]
[solcellskollen.se/hitta-leverantor/helsingborg.html]
[solcellskollen.se/hitta-leverantor/herrljunga.html]
[solcellskollen.se/hitta-leverantor/huskvarna.html]
[solcellskollen.se/hitta-leverantor/hollviken.html]
[solcellskollen.se/hitta-leverantor/hoor.html]
[solcellskollen.se/hitta-leverantor/jonkoping.html]
[solcellskollen.se/hitta-leverantor/kalmar.html]
[solcellskollen.se/hitta-leverantor/karlskrona.html]
[solcellskollen.se/hitta-leverantor/karlstad.html]
[solcellskollen.se/hitta-leverantor/katrineholm.html]
[solcellskollen.se/hitta-leverantor/kil.html]
[solcellskollen.se/hitta-leverantor/kristianstad.html]
[solcellskollen.se/hitta-leverantor/kungsbacka.html]
[solcellskollen.se/hitta-leverantor/landskrona.html]
[solcellskollen.se/hitta-leverantor/lidkoping.html]
[solcellskollen.se/hitta-leverantor/limhamn.html]
[solcellskollen.se/hitta-leverantor/linkoping.html]
[solcellskollen.se/hitta-leverantor/ljungsbro.html]
[solcellskollen.se/hitta-leverantor/ljungskile.html]
[solcellskollen.se/hitta-leverantor/lund.html]
[solcellskollen.se/hitta-leverantor/malmo.html]
[solcellskollen.se/hitta-leverantor/mora.html]
[solcellskollen.se/hitta-leverantor/molndal.html]
[solcellskollen.se/hitta-leverantor/molnlycke.html]
[solcellskollen.se/hitta-leverantor/norrkoping.html]
[solcellskollen.se/hitta-leverantor/norrtalje.html]
[solcellskollen.se/hitta-leverantor/skanor.html]
[solcellskollen.se/hitta-leverantor/skara.html]
[solcellskollen.se/hitta-leverantor/skelleftea.html]
[solcellskollen.se/hitta-leverantor/skovde.html]
[solcellskollen.se/hitta-leverantor/sollentuna.html]
[solcellskollen.se/hitta-leverantor/stockholm.html]
[solcellskollen.se/hitta-leverantor/stromstad.html]
[solcellskollen.se/hitta-leverantor/sundsvall.html]
[solcellskollen.se/hitta-leverantor/savsjo.html]
[solcellskollen.se/hitta-leverantor/soderhamn.html]
[solcellskollen.se/hitta-leverantor/solvesborg.html]
[solcellskollen.se/hitta-leverantor/timra.html]
[solcellskollen.se/hitta-leverantor/trelleborg.html]
[solcellskollen.se/hitta-leverantor/trollhattan.html]
[solcellskollen.se/hitta-leverantor/uddevalla.html]
[solcellskollen.se/hitta-leverantor/umea.html]
[solcellskollen.se/hitta-leverantor/uppsala.html]
[solcellskollen.se/hitta-leverantor/varberg.html]
[solcellskollen.se/hitta-leverantor/vanersborg.html]
[solcellskollen.se/hitta-leverantor/varnamo.html]
[solcellskollen.se/hitta-leverantor/vasteras.html]
[solcellskollen.se/hitta-leverantor/vaxjo.html]
[solcellskollen.se/hitta-leverantor/ystad.html]
[solcellskollen.se/hitta-leverantor/varmdo.html]
[solcellskollen.se/hitta-leverantor/odeshog.html]
[solcellskollen.se/hitta-leverantor/orebro.html]
[solcellskollen.se/hitta-leverantor/orkelljunga.html]
[solcellskollen.se/hitta-leverantor/ornskoldsvik.html]
[solcellskollen.se/hitta-leverantor/ostersund.html]
[solcellskollen.se/hitta-leverantor/ojersjo.html]
[solcellskollen.se/blogg/fredrik-hannerz-om-hur-eus-utslappshandel-blev-att-rakna-med.html]
[solcellskollen.se/blogg/bjorn-sanden-om-tekniska-losningar-for-10-miljarder-manniskor.html]
[solcellskollen.se/blogg/christina-bu-om-hur-norge-blev-varldens-basta-land-for-elbilar.html]
[solcellskollen.se/blogg/anders-palmqvist-om-varfor-bransleceller-haller-pa-att-ta-fart-pa-riktigt.html]
[solcellskollen.se/blogg/jonas-corne-om-varfor-data-ar-framtiden-for-storskalig-sol-och-vindkraft.html]
[solcellskollen.se/blogg/john-holmberg-om-hur-vi-fixar-hallbarhetsomstallningen.html]
[solcellskollen.se/blogg/fredrik-hedenus-om-vad-fns-klimatpanel-egentligen-sager-om-karnkraft.html]
[solcellskollen.se/blogg/erik-dolerud-om-att-bygga-150-meter-hoga-vindkraftstorn-av-tra.html]
[solcellskollen.se/blogg/ibrahim-baylan-om-hur-75-av-riksdagen-enades-om-framtidens-energipolitik.html]
[solcellskollen.se/blogg/emma-nehrenheim-om-att-tillverka-varldens-gronaste-batterier.html]
[solcellskollen.se/blogg/mattias-goldmann-om-hur-sverige-blir-en-klimatforegangare.html]
[solcellskollen.se/blogg/olle-johansson-om-hur-det-gar-for-elbilsomstallningen.html]
[solcellskollen.se/blogg/om-ai-pa-elmarknaden-med-hjalmar-nilsonne.html]
[solcellskollen.se/blogg/om-framtidens-elmarknad-med-daniel-linden.html]
[solcellskollen.se/blogg/om-snabba-tag-solskenshistorier-och-skrapplockning-med-pm-nilsson.html]
[solcellskollen.se/blogg/om-vad-som-komma-skall-i-energipolitiken-med-lise-nordin.html]
[solcellskollen.se/blogg/om-100-fornybart-med-lennart-soder.html]
[solcellskollen.se/blogg/om-blockchain-med-catarina-naucler.html]
[solcellskollen.se/blogg/podd-8-med-anders-mannikoff.html]
[solcellskollen.se/blogg/podd-7-med-jenny-palm.html]
[solcellskollen.se/blogg/podd-fran-svenska-solelmassan.html]
[solcellskollen.se/blogg/podd-5-med-rickard-nordin.html]
[solcellskollen.se/blogg/podd-4-med-martin-edlund.html]
[solcellskollen.se/blogg/podd-3-med-daniel-kulin.html]
[solcellskollen.se/blogg/podd-2-med-tomas-kaberger.html]
[solcellskollen.se/blogg/solcellskollen-blir-med-podd.html]
[solcellskollen.se/blogg/sa-ansoker-du-om-solcellsstodet.html]
[solcellskollen.se/blogg/klart-att-bygglovskrav-for-solceller-slopas.html]
[solcellskollen.se/blogg/del-1-elcertifikat-och-ursprungsgarantier-for-solceller-en-introduktion.html]
[solcellskollen.se/blogg/4-tips-nar-du-jamfor-solpaneler.html]
[solcellskollen.se/blogg/sa-valjer-du-en-bra-vaxelriktare.html]
[solcellskollen.se/blogg/ar-det-lonsamt-att-lagra-solel-i-sverige.html]
[solcellskollen.se/blogg/optimerare-till-solcellsanlaggningen-vi-reder-ut-vad-som-ar-bra-att-tanka-pa.html]
[solcellskollen.se/blogg/ar-framtiden-sjalvforsorjande.html]
[solcellskollen.se/blogg/dag-for-dag-pa-en-solcellsinstallation.html]
[solcellskollen.se/blogg/checklista-sa-skaffar-du-ett-hemmabatteri.html]
[solcellskollen.se/blogg/hur-effektiva-ar-solceller-2019-och-hur-ser-det-ut-om-tio-ar.html]
[solcellskollen.se/blogg/darfor-valde-gustaf-och-johanna-en-integrerad-solcellsanlaggning.html]
[solcellskollen.se/blogg/kundomdomen-pa-solcellskollen.html]
[solcellskollen.se/profil/cell-solar.html]
[solcellskollen.se/profil/consize-ab.html]
[solcellskollen.se/profil/ecokraft.html]
[solcellskollen.se/profil/energiforbattring-ab.html]
[solcellskollen.se/profil/gothia-solenergi.html]
[solcellskollen.se/profil/gron-sol.html]
[solcellskollen.se/profil/herrljunga-elektriska-ab.html]
[solcellskollen.se/profil/hpsolartech-ab.html]
[solcellskollen.se/profil/jn-solar.html]
[solcellskollen.se/profil/measol.html]
[solcellskollen.se/profil/nyedal-solenergi.html]
[solcellskollen.se/profil/nastegarden-energi-ab.html]
[solcellskollen.se/profil/paneltaket-ab.html]
[solcellskollen.se/profil/penthon.html]
[solcellskollen.se/profil/ppam-solkraft-ab.html]
[solcellskollen.se/profil/solenergi-norr-ab.html]
[solcellskollen.se/profil/solexperterna-varmland-ab.html]
[solcellskollen.se/profil/soliga.html]
[solcellskollen.se/profil/solinnovation.html]
[solcellskollen.se/profil/stockholm-solenergi.html]
[solcellskollen.se/profil/svea-solar.html]
[solcellskollen.se/profil/svenskt-byggmontage-ab.html]
[solcellskollen.se/profil/solkraft-sverige.html]
[solcellskollen.se/profil/nordic-energy-partner.html]
[solcellskollen.se/profil/varmitek-energisystem.html]
[solcellskollen.se/profil/soldags.html]
[solcellskollen.se/profil/dt-energi.html]
[solcellskollen.se/profil/solens-energi.html]
[solcellskollen.se/profil/solenergispecialisten.html]
[solcellskollen.se/profil/sunavia.html]
[solcellskollen.se/profil/gosolenergi.html]
[solcellskollen.se/profil/solkraftverket.html]
[solcellskollen.se/profil/sun4energy.html]
[solcellskollen.se/profil/atum-energi.html]
[solcellskollen.se/blogg/lisa-om-varfor-de-valde-att-overdimensionera-sin-solcellsanlaggning.html]
[solcellskollen.se/blogg/35-ar-senare-hur-gar-det-for-sveriges-aldsta-solcellsanlaggning.html]
[solcellskollen.se/blogg/om-nar-brf-trangsund-installerade-solceller-och-fick-en-glad-overraskning.html]
[solcellskollen.se/blogg/regeringen-foreslar-att-skjuta-till-800-miljoner-till-solcellsstodet-sa-langt-racker-det.html]
[solcellskollen.se/blogg/arkiv/2.html]
[solcellskollen.se/blogg/arkiv/3.html]
[solcellskollen.se/blogg/arkiv/9.html]
[solcellskollen.se/blogg/gar-det-att-lagra-el-javisst-har-ar-3-alternativ.html]
[solcellskollen.se/blogg/bygglov-for-solceller-slopas.html]
[solcellskollen.se/blogg/forsvinner-bygglovskravet.html]
[solcellskollen.se/blogg/linda-burenius-magnusson-om-potentialen-och-utmaningarna-for-svensk-vindkraft.html]
[solcellskollen.se/blogg/joakim-widen-om-potentialen-for-svensk-solel.html]
[solcellskollen.se/blogg/riksdagspartierna-om-energi-och-solcellspolitiken.html]
[solcellskollen.se/blogg/dynamiken-i-100-fornybart.html]
[solcellskollen.se/blogg/nar-laddbara-bilar-en-marknadsandel-pa-100-redan-2026.html]
[solcellskollen.se/blogg/del-2-elcertifikat-och-ursprungsgarantier-for-solceller-sa-ansoker-du.html]
[solcellskollen.se/blogg/var-maj-en-av-de-basta-solcellsmanaderna-nagonsin.html]
[solcellskollen.se/blogg/3-tips-fran-en-solcellskopare-till-en-annan.html]
[solcellskollen.se/blogg/investeringsstodet-for-solceller-sanks-till-20-vi-gar-igenom-vad-som-galler.html]
[solcellskollen.se/blogg/osaker-framtid-for-investeringsstodet-vi-tog-reda-pa-vad-som-galler.html]
[solcellskollen.se/blogg/solcellsstodet-hojs-till-30.html]
[solcellskollen.se/blogg/hojt-solcellsstod-men-vad-galler.html]
[solcellskollen.se/blogg/solcellskollen-pa-tysklandsresa.html]
[solcellskollen.se/blogg/nu-kan-aven-en-brf-anvanda-solcellskollen-for-att-komma-igang-med-sitt-solcellsprojekt.html]
[solcellskollen.se/blogg/varen-ar-har-bjud-in-till-solcellskalas.html]
[solcellskollen.se/blogg/vinnova-satsar-pa-solcellskollen.html]
[solcellskollen.se/blogg/bjud-in-till-solcellskalas.html]
[solcellskollen.se/blogg/valkommen-till-solcellskollen.html]
[solcellskollen.se/blogg/vykort-fran-branno.html]
[solcellskollen.se/blogg/marika-edoff-om-att-jaga-varldsrekord-i-solcellers-verkningsgrad.html]
[solcellskollen.se/blogg/erik-martinson-om-att-bygga-sveriges-storsta-solcellspark-tva-ganger-pa-ett-halvar.html]
[solcellskollen.se/blogg/sveriges-storsta-solcellspark-ligger-numera-pa-hisingen.html]
[solcellskollen.se/blogg/johan-paradis-om-att-bygga-solcellsparker.html]
[solcellskollen.se/blogg/sveriges-storsta-solcellspark-nara-att-invigas.html]
[solcellskollen.se/blogg/kina-visar-vagen.html]
[solcellskollen.se/blogg/status-i-solcells-sverige.html]
[solcellskollen.se/blogg/vi-pa-solsidan.html]
[solcellskollen.se/blogg/vad-innebar-sankt-solelskatt.html]
[solcellskollen.se/blogg/vilka-ar-de-hetaste-trenderna-inom-solceller-2019-vi-akte-till-intersolar-for-att-fa-svar.html]
[solcellskollen.se/blogg/pa-spaning-efter-the-big-five-pa-jonkopings-solsafari.html]
[solcellskollen.se/blogg/bengt-stridh-och-bloggen.html]
[solcellskollen.se/blogg/bergsjons-svarta-diamant.html]
[solcellskollen.se/hitta-leverantor/offert/cell-solar.html]
[solcellskollen.se/hitta-leverantor/offert/consize-ab.html]
[solcellskollen.se/hitta-leverantor/offert/ecokraft.html]
[solcellskollen.se/hitta-leverantor/offert/energiforbattring-ab.html]
[solcellskollen.se/hitta-leverantor/offert/gothia-solenergi.html]
[solcellskollen.se/hitta-leverantor/offert/gron-sol.html]
[solcellskollen.se/hitta-leverantor/offert/herrljunga-elektriska-ab.html]
[solcellskollen.se/hitta-leverantor/offert/hpsolartech-ab.html]
[solcellskollen.se/hitta-leverantor/offert/jn-solar.html]
[solcellskollen.se/hitta-leverantor/offert/measol.html]
[solcellskollen.se/hitta-leverantor/offert/nyedal-solenergi.html]
[solcellskollen.se/hitta-leverantor/offert/nastegarden-energi-ab.html]
[solcellskollen.se/hitta-leverantor/offert/paneltaket-ab.html]
[solcellskollen.se/hitta-leverantor/offert/penthon.html]
[solcellskollen.se/hitta-leverantor/offert/ppam-solkraft-ab.html]
[solcellskollen.se/hitta-leverantor/offert/solenergi-norr-ab.html]
[solcellskollen.se/hitta-leverantor/offert/solexperterna-varmland-ab.html]
[solcellskollen.se/hitta-leverantor/offert/soliga.html]
[solcellskollen.se/hitta-leverantor/offert/solinnovation.html]
[solcellskollen.se/hitta-leverantor/offert/stockholm-solenergi.html]
[solcellskollen.se/hitta-leverantor/offert/svea-solar.html]
[solcellskollen.se/hitta-leverantor/offert/svenskt-byggmontage-ab.html]
[solcellskollen.se/hitta-leverantor/offert/solkraft-sverige.html]
[solcellskollen.se/hitta-leverantor/offert/nordic-energy-partner.html]
[solcellskollen.se/hitta-leverantor/offert/varmitek-energisystem.html]
[solcellskollen.se/hitta-leverantor/offert/soldags.html]
[solcellskollen.se/hitta-leverantor/offert/dt-energi.html]
[solcellskollen.se/hitta-leverantor/offert/solens-energi.html]
[solcellskollen.se/hitta-leverantor/offert/solenergispecialisten.html]
[solcellskollen.se/hitta-leverantor/offert/sunavia.html]
[solcellskollen.se/hitta-leverantor/offert/gosolenergi.html]
[solcellskollen.se/hitta-leverantor/offert/solkraftverket.html]
[solcellskollen.se/hitta-leverantor/offert/sun4energy.html]
[solcellskollen.se/hitta-leverantor/offert/atum-energi.html]
[solcellskollen.se/blogg/sven-och-cecilias-vag-till-solceller-fran-ide-om-gruppkop-till-egen-satsning.html]
[solcellskollen.se/blogg/arkiv/4.html]
[solcellskollen.se/blogg/arkiv/8.html]
[solcellskollen.se/blogg/arkiv/7.html]
[solcellskollen.se/blogg/arkiv/5.html]
[solcellskollen.se/blogg/arkiv/6.html]
[solcellskollen.se/static/images/favicon.ico]
[cdnjs.cloudflare.com/ajax/libs/slick-carousel/1.6.0/slick.min.css]
[solcellskollen.se/static/styles/fonts.css]
[solcellskollen.se/static/styles/tachyons.min.css]
[cdn.polyfill.io/v2/polyfill.minee80.js]
[backblue.gif]
[fade.gif]
[index.html]
[connect.facebook.net/en_US/fbevents.js]
[solcellskollen.se/_next/static/cP1zBxlj-8hN-qjJJojn1/pages/_app.js]
[solcellskollen.se/_next/static/runtime/webpack-9bd29b1edf82a60597c6.js]
[solcellskollen.se/_next/static/runtime/main-bfea87a9a3df23345a25.js]
[solcellskollen.se/_next/static/cP1zBxlj-8hN-qjJJojn1/pages/index.js]
[solcellskollen.imgix.net/images/logo/bildlogotypd9a5.png]
[solcellskollen.se/_next/static/chunks/commons.03fb9154f4358c6788b1.js]
[solcellskollen.imgix.net/public/solceller-kenny-munkeback-721e703f594f16e1e08319a848f06441b6f6.jpg]
[solcellskollen.imgix.net/public/solceller-malin-harestad-2ae7a56b5e5113cd625fa9ec07e34179b6f6.jpg]
[solcellskollen.imgix.net/public/solceller-helena-landvetter-3581cdf97573f3fa3aace84b4ee09168b6f6.jpg]
[solcellskollen.imgix.net/images/profile/svensk_solenergi43c4.png]
[solcellskollen.se/index.html]
[solcellskollen.imgix.net/images/icons/house_normal.png]
[solcellskollen.se/rakna-pa-solceller.html]
[solcellskollen.se/_next/static/cP1zBxlj-8hN-qjJJojn1/pages/calculate-production.js]
[solcellskollen.se/_next/static/cP1zBxlj-8hN-qjJJojn1/pages/find-installer.js]
[solcellskollen.imgix.net/public/solceller-sven-kungsbacka-d42cfb8c56032ccb94869f8958abdaa5529e.jpg]
[solcellskollen.imgix.net/public/solceller-ellen-goteborg-043d1458db310711412ab94a6bb53cd6529e.jpg]
[solcellskollen.imgix.net/public/solceller-bengt-ockero-8e5faef97cb1a6ece8ecc71fccd2b676529e.jpg]
[solcellskollen.se/hitta-leverantor.html]
[solcellskollen.se/vanliga-fragor.html]
[solcellskollen.se/_next/static/cP1zBxlj-8hN-qjJJojn1/pages/vanliga-fragor.js]
[solcellskollen.se/_next/static/cP1zBxlj-8hN-qjJJojn1/pages/blogg.js]
[solcellskollen.imgix.net/images/blog/lars-ake-lidstrom-solceller-pa-brf-hagerstenshamnen30bf.jpg]
[solcellskollen.imgix.net/images/blog/tibor-blomhall-tesla-club-sweden30bf.jpg]
[solcellskollen.imgix.net/images/blog/johannes-solcellssystem-jonkoping30bf.jpg]
[solcellskollen.imgix.net/images/blog/tibor-blomhall-tesla-club-sweden7399.jpg]
[solcellskollen.imgix.net/images/blog/elbil-och-garagetak-med-solceller7399.jpg]
[solcellskollen.imgix.net/images/blog/batteri-som-lagrar-solel-hos-ola7399.jpg]
[solcellskollen.imgix.net/images/blog/johannes-solcellssystem-jonkoping7399.jpg]
[solcellskollen.imgix.net/images/blog/branno37399.png]
[solcellskollen.imgix.net/images/blog/installation-av-integrerat-solcellssystem7399.jpg]
[solcellskollen.se/blogg.html]
[solcellskollen.se/_next/static/cP1zBxlj-8hN-qjJJojn1/pages/about.js]
[solcellskollen.imgix.net/images/profile/erikwb6f6.png]
[solcellskollen.imgix.net/images/profile/ericab6f6.png]
[solcellskollen.imgix.net/images/energimyndigheten9ead.png]
[solcellskollen.imgix.net/images/aftonbladet9ead.png]
[solcellskollen.se/om.html]
[solcellskollen.se/leverantorer.html]
[solcellskollen.se/_next/static/cP1zBxlj-8hN-qjJJojn1/pages/installers.js]
[solcellskollen.se/feedback.html]
[solcellskollen.se/_next/static/cP1zBxlj-8hN-qjJJojn1/pages/feedback.js]
[solcellskollen.se/anvandarvillkor.html]
[solcellskollen.se/_next/static/cP1zBxlj-8hN-qjJJojn1/pages/user-terms.js]
[solcellskollen.se/personuppgiftspolicy.html]
[solcellskollen.se/_next/static/cP1zBxlj-8hN-qjJJojn1/pages/integrity-policy.js]
[solcellskollen.se/podcast.html]
[solcellskollen.se/_next/static/cP1zBxlj-8hN-qjJJojn1/pages/podcast-overview.js]
[solcellskollen.se/_next/static/cP1zBxlj-8hN-qjJJojn1/pages/brf/guide-solceller-for-bostadsrattsforeningar.js]
[solcellskollen.imgix.net/images/blog/solceller-brf-viva-14249.jpg]
[solcellskollen.imgix.net/images/blog/hans-olof-elcentral2248.jpg]
[solcellskollen.imgix.net/images/blog/stod_12248.jpg]
[solcellskollen.se/brf/guide-solceller-for-bostadsrattsforeningar.html]
[solcellskollen.se/brf/rakna-pa-solceller.html]
[solcellskollen.se/_next/static/cP1zBxlj-8hN-qjJJojn1/pages/brf/calculate-production.js]
[solcellskollen.se/hitta-leverantor/resultat.html]
[solcellskollen.se/vanliga-fragor/hur-stor-yta-kraver-solceller.html]
[solcellskollen.se/_next/static/cP1zBxlj-8hN-qjJJojn1/pages/vanliga-fragor/hur-stor-yta-kraver-solceller.js]
[solcellskollen.se/_next/static/cP1zBxlj-8hN-qjJJojn1/pages/find-installer-results.js]
[solcellskollen.se/vanliga-fragor/hur-mycket-solceller-bor-jag-installera.html]
[solcellskollen.se/_next/static/cP1zBxlj-8hN-qjJJojn1/pages/vanliga-fragor/hur-mycket-solceller-bor-jag-installera.js]
[solcellskollen.se/vanliga-fragor/vad-kostar-solceller.html]
[solcellskollen.se/_next/static/cP1zBxlj-8hN-qjJJojn1/pages/vanliga-fragor/vad-kostar-solceller.js]
[solcellskollen.se/vanliga-fragor/vad-ar-aterbetalningstiden-for-solceller.html]
[solcellskollen.se/_next/static/cP1zBxlj-8hN-qjJJojn1/pages/vanliga-fragor/vad-ar-aterbetalningstiden-for-solceller.js]
[solcellskollen.se/vanliga-fragor/hur-lange-haller-solceller.html]
[solcellskollen.se/_next/static/cP1zBxlj-8hN-qjJJojn1/pages/vanliga-fragor/hur-lange-haller-solceller.js]
[solcellskollen.se/vanliga-fragor/vilken-lutning-och-vaderstreck-ar-bast-for-solceller.html]
[solcellskollen.se/_next/static/cP1zBxlj-8hN-qjJJojn1/pages/vanliga-fragor/vilken-lutning-och-vaderstreck-ar-bast-for-solceller.js]
[solcellskollen.se/vanliga-fragor/vilka-bidrag-finns-det-for-solceller.html]
[solcellskollen.se/_next/static/cP1zBxlj-8hN-qjJJojn1/pages/vanliga-fragor/vilka-bidrag-finns-det-for-solceller.js]
[solcellskollen.se/vanliga-fragor/nar-ar-solceller-ingen-bra-ide.html]
[solcellskollen.se/_next/static/cP1zBxlj-8hN-qjJJojn1/pages/vanliga-fragor/nar-ar-solceller-ingen-bra-ide.js]
[solcellskollen.se/vanliga-fragor/vilka-solpaneler-ska-man-valja.html]
[solcellskollen.se/_next/static/cP1zBxlj-8hN-qjJJojn1/pages/vanliga-fragor/vilka-solpaneler-ska-man-valja.js]
[solcellskollen.se/vanliga-fragor/vilken-vaxelriktare-ska-man-valja.html]
[solcellskollen.se/_next/static/cP1zBxlj-8hN-qjJJojn1/pages/vanliga-fragor/vilken-vaxelriktare-ska-man-valja.js]
[solcellskollen.se/vanliga-fragor/bor-man-valja-optimerare-till-sin-solcellsanlaggning.html]
[solcellskollen.se/_next/static/cP1zBxlj-8hN-qjJJojn1/pages/vanliga-fragor/bor-man-valja-optimerare-till-sin-solcellsanlaggning.js]
[solcellskollen.se/vanliga-fragor/kan-man-salja-solel.html]
[solcellskollen.se/_next/static/cP1zBxlj-8hN-qjJJojn1/pages/vanliga-fragor/kan-man-salja-solel.js]
[solcellskollen.se/vanliga-fragor/vilket-elbolag-betalar-bast-for-solelen.html]
[solcellskollen.se/_next/static/cP1zBxlj-8hN-qjJJojn1/pages/vanliga-fragor/vilket-elbolag-betalar-bast-for-solelen.js]
[solcellskollen.se/vanliga-fragor/kan-man-lagra-solel.html]
[solcellskollen.se/_next/static/cP1zBxlj-8hN-qjJJojn1/pages/vanliga-fragor/kan-man-lagra-solel.js]
[solcellskollen.se/vanliga-fragor/kopa-solceller-nu-eller-vanta.html]
[solcellskollen.se/_next/static/cP1zBxlj-8hN-qjJJojn1/pages/vanliga-fragor/kopa-solceller-nu-eller-vanta.js]
[solcellskollen.se/vanliga-fragor/lonar-det-sig-att-valja-ett-integrerat-solcellstak.html]
[solcellskollen.se/_next/static/cP1zBxlj-8hN-qjJJojn1/pages/vanliga-fragor/lonar-det-sig-att-valja-ett-integrerat-solcellstak.js]
[solcellskollen.se/vanliga-fragor/behover-man-bygglov-for-att-installera-solceller.html]
[solcellskollen.se/_next/static/cP1zBxlj-8hN-qjJJojn1/pages/vanliga-fragor/behover-man-bygglov-for-att-installera-solceller.js]
[solcellskollen.se/vanliga-fragor/vilka-administrativa-steg-kravs-for-en-installation.html]
[solcellskollen.se/_next/static/cP1zBxlj-8hN-qjJJojn1/pages/vanliga-fragor/vilka-administrativa-steg-kravs-for-en-installation.js]
[solcellskollen.se/vanliga-fragor/ar-solceller-miljovanliga.html]
[solcellskollen.se/_next/static/cP1zBxlj-8hN-qjJJojn1/pages/vanliga-fragor/ar-solceller-miljovanliga.js]
[solcellskollen.se/vanliga-fragor/vad-hander-nar-jag-ber-om-offert-pa-solcellskollen.html]
[solcellskollen.se/_next/static/cP1zBxlj-8hN-qjJJojn1/pages/vanliga-fragor/vad-hander-nar-jag-ber-om-offert-pa-solcellskollen.js]
[solcellskollen.se/vanliga-fragor/vilka-leverantorer-syns-pa-solcellskollen.html]
[solcellskollen.se/_next/static/cP1zBxlj-8hN-qjJJojn1/pages/vanliga-fragor/vilka-leverantorer-syns-pa-solcellskollen.js]
[solcellskollen.se/vanliga-fragor/hur-fungerar-solcellskollens-berakningar.html]
[solcellskollen.se/_next/static/cP1zBxlj-8hN-qjJJojn1/pages/vanliga-fragor/hur-fungerar-solcellskollens-berakningar.js]
[solcellskollen.se/_next/static/cP1zBxlj-8hN-qjJJojn1/pages/blog-archive.js]
[solcellskollen.imgix.net/images/blog/lars-ake-lidstrom-solceller-pa-brf-hagerstenshamnen7399.jpg]
[solcellskollen.imgix.net/images/blog/lisa-lundin-och-hennes-solcellssystem7399.jpg]
[solcellskollen.imgix.net/images/blog/fredrik-hannerz-naturvardsverket7399.jpg]
[solcellskollen.imgix.net/images/blog/johan-paradis-maria-sandstrom-solceller-huvudsta7399.jpg]
[solcellskollen.imgix.net/images/blog/kjell-hagback-brf-trangsund7399.jpg]
[solcellskollen.imgix.net/images/blog/riksdagshuset-27399.jpg]
[solcellskollen.imgix.net/images/blog/bjorn-sanden-chalmers7399.jpg]
[solcellskollen.se/blogg/arkiv.html]
[solcellskollen.se/_next/static/cP1zBxlj-8hN-qjJJojn1/pages/tag.js]
[solcellskollen.imgix.net/images/blog/vatgastankar7399.jpg]
[solcellskollen.imgix.net/images/blog/emma_nehrenheim_northvolt7399.jpg]
[solcellskollen.imgix.net/images/blog/hemmabatteri7399.jpg]
[solcellskollen.imgix.net/images/blog/batteristod7399.jpg]
[solcellskollen.imgix.net/images/blog/svenska_solelmassan7399.jpg]
[solcellskollen.imgix.net/images/blog/hansolof17399.jpg]
[solcellskollen.se/blogg/amnen/batterier.html]
[solcellskollen.imgix.net/images/blog/solcellsmontorer7399.jpg]
[solcellskollen.imgix.net/images/blog/slopatbygglovskrav7399.jpg]
[solcellskollen.imgix.net/images/blog/bygglov7399.jpg]
[solcellskollen.se/blogg/amnen/bygglov-for-solceller.html]
[solcellskollen.imgix.net/images/blog/linda-burenius-magnusson7399.jpg]
[solcellskollen.imgix.net/images/blog/fredrik-hedenus-chalmers7399.jpg]
[solcellskollen.imgix.net/images/blog/joakim-widen7399.jpg]
[solcellskollen.imgix.net/images/blog/ibrahim-baylan-regeringen7399.png]
[solcellskollen.imgix.net/images/blog/riksdagshuset7399.jpg]
[solcellskollen.imgix.net/images/blog/daniel_linden_tibber7399.jpg]
[solcellskollen.imgix.net/images/blog/lise_nordin7399.jpg]
[solcellskollen.imgix.net/images/blog/varberg17399.jpg]
[solcellskollen.imgix.net/images/blog/lennart_soder7399.jpg]
[solcellskollen.imgix.net/images/blog/rickard_nordin7399.jpg]
[solcellskollen.imgix.net/images/blog/daniel_kulin7399.jpg]
[solcellskollen.imgix.net/images/blog/tomas_kaberger7399.jpg]
[solcellskollen.se/blogg/amnen/det-fornybara-energisystemet.html]
[solcellskollen.imgix.net/images/blog/christina-bu-norska-elbilforeningen7399.jpg]
[solcellskollen.imgix.net/images/blog/daniel-kulin-i-en-jaguar-ipace7399.jpg]
[solcellskollen.imgix.net/images/blog/avsnitt_15_olle_johansson7399.jpg]
[solcellskollen.se/blogg/amnen/elbilar.html]
[solcellskollen.imgix.net/images/blog/elmatare7399.jpg]
[solcellskollen.imgix.net/images/blog/hus_med_solceller7399.jpg]
[solcellskollen.se/blogg/amnen/elcertifikat.html]
[solcellskollen.imgix.net/images/blog/markmonterade_solceller7399.jpg]
[solcellskollen.se/blogg/amnen/elpriser.html]
[solcellskollen.imgix.net/images/blog/en-optimerare7399.jpg]
[solcellskollen.imgix.net/images/blog/takskena7399.jpg]
[solcellskollen.imgix.net/images/blog/inverters7399.jpg]
[solcellskollen.imgix.net/images/blog/rose_maries_solceller7399.jpg]
[solcellskollen.imgix.net/images/blog/dummy7399.png]
[solcellskollen.imgix.net/images/blog/stod_17399.jpg]
[solcellskollen.se/blogg/amnen/guider-infor-ett-solcellskop.html]
[solcellskollen.se/blogg/amnen/installation-av-solceller.html]
[solcellskollen.imgix.net/images/blog/riksdagen7399.jpg]
[solcellskollen.imgix.net/images/blog/energimyndigheten7399.jpg]
[solcellskollen.imgix.net/images/blog/investeringsstod7399.jpg]
[solcellskollen.imgix.net/images/blog/hojt_solcellsstod_men_vad_galler7399.jpg]
[solcellskollen.se/blogg/amnen/investeringsstod.html]
[solcellskollen.imgix.net/images/blog/erik-och-eric-pa-farjan7399.jpg]
[solcellskollen.imgix.net/images/blog/solceller-brf-viva-27399.jpg]
[solcellskollen.imgix.net/images/blog/soleltupperware7399.jpg]
[solcellskollen.imgix.net/images/blog/reference_hans_border7399.jpg]
[solcellskollen.imgix.net/images/blog/ew_ea_27399.jpg]
[solcellskollen.imgix.net/images/blog/bjorn_sanden7399.jpg]
[solcellskollen.imgix.net/images/blog/pattern7399.jpg]
[solcellskollen.se/blogg/amnen/nytt-pa-solcellskollen.html]
[solcellskollen.se/blogg/amnen/optimerare.html]
[solcellskollen.se/blogg/amnen/solceller-for-brfer.html]
[solcellskollen.imgix.net/images/blog/integrerad-solcellsanlaggning-17399.jpg]
[solcellskollen.imgix.net/images/blog/branno27399.jpg]
[solcellskollen.se/blogg/amnen/solcellsekonomi.html]
[solcellskollen.imgix.net/images/blog/anders-palmqvist-solcellskollen7399.jpg]
[solcellskollen.imgix.net/images/blog/jonas-corne7399.jpg]
[solcellskollen.imgix.net/images/blog/john-holmberg-chalmers7399.jpg]
[solcellskollen.imgix.net/images/blog/marika-edoff7399.jpg]
[solcellskollen.imgix.net/images/blog/erik-dolerud-modvion7399.jpg]
[solcellskollen.imgix.net/images/blog/mattias_goldmann_solcellskollens_podcast7399.jpg]
[solcellskollen.imgix.net/images/blog/avsnitt_14_hjalmar_nilsonne7399.jpg]
[solcellskollen.imgix.net/images/blog/pm_nilsson7399.jpg]
[solcellskollen.imgix.net/images/blog/catarina_naucler7399.jpg]
[solcellskollen.imgix.net/images/blog/anders_mannikoff7399.jpg]
[solcellskollen.imgix.net/images/blog/jenny_palm7399.jpg]
[solcellskollen.imgix.net/images/blog/martin_edlund7399.jpg]
[solcellskollen.se/blogg/amnen/solcellskollens-podcast.html]
[solcellskollen.imgix.net/images/blog/pagaende-installation-sveriges-storsta-solcellspark-sjobo7399.jpg]
[solcellskollen.imgix.net/images/blog/johan-paradis7399.jpg]
[solcellskollen.imgix.net/images/blog/invigning-nya-solevi7399.jpg]
[solcellskollen.imgix.net/images/blog/sveriges-storsta-solcellspark-hisingen-save-flygplats7399.jpg]
[solcellskollen.imgix.net/images/blog/flagga_kina7399.jpg]
[solcellskollen.imgix.net/images/blog/karta37399.jpg]
[solcellskollen.imgix.net/images/blog/husicon7399.jpg]
[solcellskollen.se/blogg/amnen/solcellsmarknadens-utveckling.html]
[solcellskollen.se/blogg/amnen/solcellsparker.html]
[solcellskollen.imgix.net/images/blog/luxors-monter-pa-intersolar7399.jpg]
[solcellskollen.imgix.net/images/blog/en-solpanel7399.jpg]
[solcellskollen.se/blogg/amnen/solcellsutveckling-och-forskning.html]
[solcellskollen.se/blogg/amnen/solpaneler.html]
[solcellskollen.imgix.net/images/blog/solceller_habo_solsafari7399.jpg]
[solcellskollen.imgix.net/images/blog/bengt17399.jpg]
[solcellskollen.se/blogg/amnen/studiebesok.html]
[solcellskollen.imgix.net/images/blog/stacken17399.jpg]
[solcellskollen.se/blogg/amnen/takintegrerade-solceller.html]
[solcellskollen.se/blogg/amnen/vaxelriktare.html]
[solcellskollen.se/_next/static/cP1zBxlj-8hN-qjJJojn1/pages/blogg/om-hur-lars-ake-inspirerade-tre-bostadsrattsforeningar-att-satsa-pa-solceller.js]
[solcellskollen.imgix.net/images/blog/lars-ake-lidstrom-solceller-pa-brf-hagerstenshamnen4249.jpg]
[solcellskollen.imgix.net/images/blog/laddboxar-hos-brf-hagerstenshamnen2248.jpg]
[solcellskollen.imgix.net/images/blog/tre-solcellsbekladda-tak-i-hagerstenshamnen2248.jpg]
[solcellskollen.se/blogg/om-hur-lars-ake-inspirerade-tre-bostadsrattsforeningar-att-satsa-pa-solceller.html]
[solcellskollen.se/_next/static/cP1zBxlj-8hN-qjJJojn1/pages/blogg/tibor-blomhall-om-praktiska-erfarenheter-av-10-ar-med-elbilar.js]
[solcellskollen.imgix.net/images/blog/tibor-blomhall-tesla-club-sweden4249.jpg]
[solcellskollen.se/blogg/tibor-blomhall-om-praktiska-erfarenheter-av-10-ar-med-elbilar.html]
[solcellskollen.se/_next/static/cP1zBxlj-8hN-qjJJojn1/pages/blogg/vad-hander-om-man-producerar-mer-solel-an-vad-man-gor-av-med.js]
[solcellskollen.imgix.net/images/blog/johannes-solcellssystem-jonkoping4249.jpg]
[solcellskollen.se/blogg/vad-hander-om-man-producerar-mer-solel-an-vad-man-gor-av-med.html]
[solcellskollen.se/_next/static/cP1zBxlj-8hN-qjJJojn1/pages/blogg/haller-batterimarknaden-for-solcellsagare-pa-att-ta-fart.js]
[solcellskollen.imgix.net/images/blog/elbil-och-garagetak-med-solceller4249.jpg]
[solcellskollen.imgix.net/images/blog/batteri-for-solel2248.jpg]
[solcellskollen.se/blogg/haller-batterimarknaden-for-solcellsagare-pa-att-ta-fart.html]
[solcellskollen.se/_next/static/cP1zBxlj-8hN-qjJJojn1/pages/blogg/ola-lagrar-solel-i-batterier-och-haller-nere-husets-effekttoppar.js]
[solcellskollen.imgix.net/images/blog/batteri-som-lagrar-solel-hos-ola4249.jpg]
[solcellskollen.imgix.net/images/blog/olas-tva-solcellssystem2248.jpg]
[solcellskollen.imgix.net/images/blog/vaxelriktare-och-batteri-for-solceller2248.jpg]
[solcellskollen.imgix.net/images/blog/elpriser-vecka-34-i-elprisomrade-syd.jpg]
[solcellskollen.imgix.net/images/blog/elpriser-vecka-34-i-elprisomrade-syd2248.jpg]
[solcellskollen.imgix.net/images/blog/daglig-solelproduktion-och-lagring.jpg]
[solcellskollen.imgix.net/images/blog/daglig-solelproduktion-och-lagring2248.jpg]
[solcellskollen.se/blogg/ola-lagrar-solel-i-batterier-och-haller-nere-husets-effekttoppar.html]
[solcellskollen.se/_next/static/cP1zBxlj-8hN-qjJJojn1/pages/blogg/om-kw-kwp-och-hur-man-far-fram-effekten-for-en-solcellsanlaggning.js]
[solcellskollen.imgix.net/images/blog/branno34249.png]
[solcellskollen.imgix.net/images/blog/daily-power-graph2248.jpg]
[solcellskollen.se/blogg/om-kw-kwp-och-hur-man-far-fram-effekten-for-en-solcellsanlaggning.html]
[solcellskollen.se/_next/static/cP1zBxlj-8hN-qjJJojn1/pages/blogg/dags-att-lagga-om-taket-vi-gar-igenom-nar-takintegrerade-solpaneler-lampar-sig-och-nar-de-inte-gor-det.js]
[solcellskollen.imgix.net/images/blog/installation-av-integrerat-solcellssystem4249.jpg]
[solcellskollen.imgix.net/images/blog/takintegrerat-solcellssystem-soltech2248.jpg]
[solcellskollen.imgix.net/images/blog/penthon-integrerat2248.jpg]
[solcellskollen.imgix.net/images/blog/dummybitar-integrerade-solpannor2248.jpg]
[solcellskollen.se/blogg/dags-att-lagga-om-taket-vi-gar-igenom-nar-takintegrerade-solpaneler-lampar-sig-och-nar-de-inte-gor-det.html]
[solcellskollen.se/hitta-leverantor/alingsas.html]
[solcellskollen.se/hitta-leverantor/arlov.html]
[solcellskollen.se/hitta-leverantor/boras.html]
[solcellskollen.se/hitta-leverantor/bunkeflostrand.html]
[solcellskollen.se/hitta-leverantor/degerfors.html]
[solcellskollen.se/hitta-leverantor/edsbyn.html]
[solcellskollen.se/hitta-leverantor/eskilstuna.html]
[solcellskollen.se/hitta-leverantor/falkenberg.html]
[solcellskollen.se/hitta-leverantor/falun.html]
[solcellskollen.se/hitta-leverantor/froson.html]
[solcellskollen.se/hitta-leverantor/farjestaden.html]
[solcellskollen.se/hitta-leverantor/getinge.html]
[solcellskollen.se/hitta-leverantor/gavle.html]
[solcellskollen.se/hitta-leverantor/goteborg.html]
[solcellskollen.se/hitta-leverantor/helsingborg.html]
[solcellskollen.se/hitta-leverantor/herrljunga.html]
[solcellskollen.se/hitta-leverantor/huskvarna.html]
[solcellskollen.se/hitta-leverantor/hollviken.html]
[solcellskollen.se/hitta-leverantor/hoor.html]
[solcellskollen.se/hitta-leverantor/jonkoping.html]
[solcellskollen.se/hitta-leverantor/kalmar.html]
[solcellskollen.se/hitta-leverantor/karlskrona.html]
[solcellskollen.se/hitta-leverantor/karlstad.html]
[solcellskollen.se/hitta-leverantor/katrineholm.html]
[solcellskollen.se/hitta-leverantor/kil.html]
[solcellskollen.se/hitta-leverantor/kristianstad.html]
[solcellskollen.se/hitta-leverantor/kungsbacka.html]
[solcellskollen.se/hitta-leverantor/landskrona.html]
[solcellskollen.se/hitta-leverantor/lidkoping.html]
[solcellskollen.se/hitta-leverantor/limhamn.html]
[solcellskollen.se/hitta-leverantor/linkoping.html]
[solcellskollen.se/hitta-leverantor/ljungsbro.html]
[solcellskollen.se/hitta-leverantor/ljungskile.html]
[solcellskollen.se/hitta-leverantor/lund.html]
[solcellskollen.se/hitta-leverantor/malmo.html]
[solcellskollen.se/hitta-leverantor/mora.html]
[solcellskollen.se/hitta-leverantor/molndal.html]
[solcellskollen.se/hitta-leverantor/molnlycke.html]
[solcellskollen.se/hitta-leverantor/norrkoping.html]
[solcellskollen.se/hitta-leverantor/norrtalje.html]
[solcellskollen.se/hitta-leverantor/skanor.html]
[solcellskollen.se/hitta-leverantor/skara.html]
[solcellskollen.se/hitta-leverantor/skelleftea.html]
[solcellskollen.se/hitta-leverantor/skovde.html]
[solcellskollen.se/hitta-leverantor/sollentuna.html]
[solcellskollen.se/hitta-leverantor/stockholm.html]
[solcellskollen.se/hitta-leverantor/stromstad.html]
[solcellskollen.se/hitta-leverantor/sundsvall.html]
[solcellskollen.se/hitta-leverantor/savsjo.html]
[solcellskollen.se/hitta-leverantor/soderhamn.html]
[solcellskollen.se/hitta-leverantor/solvesborg.html]
[solcellskollen.se/hitta-leverantor/timra.html]
[solcellskollen.se/hitta-leverantor/trelleborg.html]
[solcellskollen.se/hitta-leverantor/trollhattan.html]
[solcellskollen.se/hitta-leverantor/uddevalla.html]
[solcellskollen.se/hitta-leverantor/umea.html]
[solcellskollen.se/hitta-leverantor/uppsala.html]
[solcellskollen.se/hitta-leverantor/varberg.html]
[solcellskollen.se/hitta-leverantor/vanersborg.html]
[solcellskollen.se/hitta-leverantor/varmdo.html]
[solcellskollen.se/hitta-leverantor/varnamo.html]
[solcellskollen.se/hitta-leverantor/vasteras.html]
[solcellskollen.se/hitta-leverantor/vaxjo.html]
[solcellskollen.se/hitta-leverantor/ystad.html]
[solcellskollen.se/hitta-leverantor/odeshog.html]
[solcellskollen.se/hitta-leverantor/ojersjo.html]
[solcellskollen.se/hitta-leverantor/orebro.html]
[solcellskollen.se/hitta-leverantor/orkelljunga.html]
[solcellskollen.se/hitta-leverantor/ornskoldsvik.html]
[solcellskollen.se/hitta-leverantor/ostersund.html]
[solcellskollen.se/_next/static/cP1zBxlj-8hN-qjJJojn1/pages/blogg/fredrik-hannerz-om-hur-eus-utslappshandel-blev-att-rakna-med.js]
[solcellskollen.se/_next/static/cP1zBxlj-8hN-qjJJojn1/pages/find-installer-city.js]
[solcellskollen.imgix.net/images/blog/fredrik-hannerz-naturvardsverket4249.jpg]
[solcellskollen.se/blogg/fredrik-hannerz-om-hur-eus-utslappshandel-blev-att-rakna-med.html]
[solcellskollen.se/_next/static/cP1zBxlj-8hN-qjJJojn1/pages/blogg/bjorn-sanden-om-tekniska-losningar-for-10-miljarder-manniskor.js]
[solcellskollen.imgix.net/images/blog/bjorn-sanden-chalmers4249.jpg]
[solcellskollen.se/blogg/bjorn-sanden-om-tekniska-losningar-for-10-miljarder-manniskor.html]
[solcellskollen.se/_next/static/cP1zBxlj-8hN-qjJJojn1/pages/blogg/christina-bu-om-hur-norge-blev-varldens-basta-land-for-elbilar.js]
[solcellskollen.imgix.net/images/blog/christina-bu-norska-elbilforeningen4249.jpg]
[solcellskollen.se/blogg/christina-bu-om-hur-norge-blev-varldens-basta-land-for-elbilar.html]
[solcellskollen.se/_next/static/cP1zBxlj-8hN-qjJJojn1/pages/blogg/anders-palmqvist-om-varfor-bransleceller-haller-pa-att-ta-fart-pa-riktigt.js]
[solcellskollen.imgix.net/images/blog/anders-palmqvist-solcellskollen4249.jpg]
[solcellskollen.se/blogg/anders-palmqvist-om-varfor-bransleceller-haller-pa-att-ta-fart-pa-riktigt.html]
[solcellskollen.se/_next/static/cP1zBxlj-8hN-qjJJojn1/pages/blogg/jonas-corne-om-varfor-data-ar-framtiden-for-storskalig-sol-och-vindkraft.js]
[solcellskollen.imgix.net/images/blog/jonas-corne4249.jpg]
[solcellskollen.se/blogg/jonas-corne-om-varfor-data-ar-framtiden-for-storskalig-sol-och-vindkraft.html]
[solcellskollen.se/_next/static/cP1zBxlj-8hN-qjJJojn1/pages/blogg/john-holmberg-om-hur-vi-fixar-hallbarhetsomstallningen.js]
[solcellskollen.imgix.net/images/blog/john-holmberg-chalmers4249.jpg]
[solcellskollen.se/blogg/john-holmberg-om-hur-vi-fixar-hallbarhetsomstallningen.html]
[solcellskollen.se/_next/static/cP1zBxlj-8hN-qjJJojn1/pages/blogg/fredrik-hedenus-om-vad-fns-klimatpanel-egentligen-sager-om-karnkraft.js]
[solcellskollen.imgix.net/images/blog/fredrik-hedenus-chalmers4249.jpg]
[solcellskollen.se/blogg/fredrik-hedenus-om-vad-fns-klimatpanel-egentligen-sager-om-karnkraft.html]
[solcellskollen.se/_next/static/cP1zBxlj-8hN-qjJJojn1/pages/blogg/erik-dolerud-om-att-bygga-150-meter-hoga-vindkraftstorn-av-tra.js]
[solcellskollen.imgix.net/images/blog/erik-dolerud-modvion4249.jpg]
[solcellskollen.imgix.net/images/blog/modvions-vindkraftstorn2248.jpg]
[solcellskollen.se/blogg/erik-dolerud-om-att-bygga-150-meter-hoga-vindkraftstorn-av-tra.html]
[solcellskollen.se/_next/static/cP1zBxlj-8hN-qjJJojn1/pages/blogg/ibrahim-baylan-om-hur-75-av-riksdagen-enades-om-framtidens-energipolitik.js]
[solcellskollen.imgix.net/images/blog/ibrahim-baylan-regeringen4249.png]
[solcellskollen.se/blogg/ibrahim-baylan-om-hur-75-av-riksdagen-enades-om-framtidens-energipolitik.html]
[solcellskollen.se/_next/static/cP1zBxlj-8hN-qjJJojn1/pages/blogg/emma-nehrenheim-om-att-tillverka-varldens-gronaste-batterier.js]
[solcellskollen.imgix.net/images/blog/emma_nehrenheim_northvolt4249.jpg]
[solcellskollen.se/blogg/emma-nehrenheim-om-att-tillverka-varldens-gronaste-batterier.html]
[solcellskollen.se/_next/static/cP1zBxlj-8hN-qjJJojn1/pages/blogg/mattias-goldmann-om-hur-sverige-blir-en-klimatforegangare.js]
[solcellskollen.imgix.net/images/blog/mattias_goldmann_solcellskollens_podcast4249.jpg]
[solcellskollen.se/blogg/mattias-goldmann-om-hur-sverige-blir-en-klimatforegangare.html]
[solcellskollen.se/_next/static/cP1zBxlj-8hN-qjJJojn1/pages/blogg/olle-johansson-om-hur-det-gar-for-elbilsomstallningen.js]
[solcellskollen.imgix.net/images/blog/avsnitt_15_olle_johansson4249.jpg]
[solcellskollen.se/blogg/olle-johansson-om-hur-det-gar-for-elbilsomstallningen.html]
[solcellskollen.se/_next/static/cP1zBxlj-8hN-qjJJojn1/pages/blogg/om-ai-pa-elmarknaden-med-hjalmar-nilsonne.js]
[solcellskollen.imgix.net/images/blog/avsnitt_14_hjalmar_nilsonne4249.jpg]
[solcellskollen.imgix.net/images/blog/wattys_teknik2248.jpg]
[solcellskollen.se/blogg/om-ai-pa-elmarknaden-med-hjalmar-nilsonne.html]
[solcellskollen.se/_next/static/cP1zBxlj-8hN-qjJJojn1/pages/blogg/om-framtidens-elmarknad-med-daniel-linden.js]
[solcellskollen.imgix.net/images/blog/daniel_linden_tibber4249.jpg]
[solcellskollen.se/blogg/om-framtidens-elmarknad-med-daniel-linden.html]
[solcellskollen.se/_next/static/cP1zBxlj-8hN-qjJJojn1/pages/blogg/om-snabba-tag-solskenshistorier-och-skrapplockning-med-pm-nilsson.js]
[solcellskollen.imgix.net/images/blog/pm_nilsson4249.jpg]
[solcellskollen.se/blogg/om-snabba-tag-solskenshistorier-och-skrapplockning-med-pm-nilsson.html]
[solcellskollen.se/_next/static/cP1zBxlj-8hN-qjJJojn1/pages/blogg/om-vad-som-komma-skall-i-energipolitiken-med-lise-nordin.js]
[solcellskollen.imgix.net/images/blog/lise_nordin4249.jpg]
[solcellskollen.se/blogg/om-vad-som-komma-skall-i-energipolitiken-med-lise-nordin.html]
[solcellskollen.se/_next/static/cP1zBxlj-8hN-qjJJojn1/pages/blogg/om-100-fornybart-med-lennart-soder.js]
[solcellskollen.imgix.net/images/blog/lennart_soder4249.jpg]
[solcellskollen.se/blogg/om-100-fornybart-med-lennart-soder.html]
[solcellskollen.se/_next/static/cP1zBxlj-8hN-qjJJojn1/pages/blogg/om-blockchain-med-catarina-naucler.js]
[solcellskollen.imgix.net/images/blog/catarina_naucler4249.jpg]
[solcellskollen.se/blogg/om-blockchain-med-catarina-naucler.html]
[solcellskollen.se/_next/static/cP1zBxlj-8hN-qjJJojn1/pages/blogg/podd-8-med-anders-mannikoff.js]
[solcellskollen.imgix.net/images/blog/anders_mannikoff4249.jpg]
[solcellskollen.se/blogg/podd-8-med-anders-mannikoff.html]
[solcellskollen.se/_next/static/cP1zBxlj-8hN-qjJJojn1/pages/blogg/podd-7-med-jenny-palm.js]
[solcellskollen.imgix.net/images/blog/jenny_palm4249.jpg]
[solcellskollen.se/blogg/podd-7-med-jenny-palm.html]
[solcellskollen.se/_next/static/cP1zBxlj-8hN-qjJJojn1/pages/blogg/podd-fran-svenska-solelmassan.js]
[solcellskollen.imgix.net/images/blog/svenska_solelmassan4249.jpg]
[solcellskollen.se/blogg/podd-fran-svenska-solelmassan.html]
[solcellskollen.se/_next/static/cP1zBxlj-8hN-qjJJojn1/pages/blogg/podd-5-med-rickard-nordin.js]
[solcellskollen.imgix.net/images/blog/rickard_nordin4249.jpg]
[solcellskollen.se/blogg/podd-5-med-rickard-nordin.html]
[solcellskollen.se/_next/static/cP1zBxlj-8hN-qjJJojn1/pages/blogg/podd-4-med-martin-edlund.js]
[solcellskollen.imgix.net/images/blog/martin_edlund4249.jpg]
[solcellskollen.se/blogg/podd-4-med-martin-edlund.html]
[solcellskollen.se/_next/static/cP1zBxlj-8hN-qjJJojn1/pages/blogg/podd-3-med-daniel-kulin.js]
[solcellskollen.imgix.net/images/blog/daniel_kulin4249.jpg]
[solcellskollen.se/blogg/podd-3-med-daniel-kulin.html]
[solcellskollen.se/_next/static/cP1zBxlj-8hN-qjJJojn1/pages/blogg/podd-2-med-tomas-kaberger.js]
[solcellskollen.imgix.net/images/blog/tomas_kaberger4249.jpg]
[solcellskollen.se/blogg/podd-2-med-tomas-kaberger.html]
[solcellskollen.se/_next/static/cP1zBxlj-8hN-qjJJojn1/pages/blogg/solcellskollen-blir-med-podd.js]
[solcellskollen.imgix.net/images/blog/bjorn_sanden4249.jpg]
[solcellskollen.se/blogg/solcellskollen-blir-med-podd.html]
[solcellskollen.se/_next/static/cP1zBxlj-8hN-qjJJojn1/pages/blogg/sa-ansoker-du-om-solcellsstodet.js]
[solcellskollen.imgix.net/images/blog/stod_14249.jpg]
[solcellskollen.se/blogg/sa-ansoker-du-om-solcellsstodet.html]
[solcellskollen.se/_next/static/cP1zBxlj-8hN-qjJJojn1/pages/blogg/klart-att-bygglovskrav-for-solceller-slopas.js]
[solcellskollen.imgix.net/images/blog/solcellsmontorer4249.jpg]
[solcellskollen.se/blogg/klart-att-bygglovskrav-for-solceller-slopas.html]
[solcellskollen.se/_next/static/cP1zBxlj-8hN-qjJJojn1/pages/blogg/del-1-elcertifikat-och-ursprungsgarantier-for-solceller-en-introduktion.js]
[solcellskollen.imgix.net/images/blog/hus_med_solceller4249.jpg]
[solcellskollen.imgix.net/images/blog/prisutveckling_elcertifikat2248.jpg]
[solcellskollen.imgix.net/images/blog/solcellspark_varberg2248.jpg]
[solcellskollen.se/blogg/del-1-elcertifikat-och-ursprungsgarantier-for-solceller-en-introduktion.html]
[solcellskollen.se/_next/static/cP1zBxlj-8hN-qjJJojn1/pages/blogg/4-tips-nar-du-jamfor-solpaneler.js]
[solcellskollen.imgix.net/images/blog/dummy4249.png]
[solcellskollen.imgix.net/images/blog/certification-logotypes-vde-tuv2248.jpg]
[solcellskollen.imgix.net/images/blog/linear_degradation2248.jpg]
[solcellskollen.imgix.net/images/blog/kinds_of_panels2248.jpg]
[solcellskollen.se/blogg/4-tips-nar-du-jamfor-solpaneler.html]
[solcellskollen.se/_next/static/cP1zBxlj-8hN-qjJJojn1/pages/blogg/sa-valjer-du-en-bra-vaxelriktare.js]
[solcellskollen.imgix.net/images/blog/inverters4249.jpg]
[solcellskollen.se/blogg/sa-valjer-du-en-bra-vaxelriktare.html]
[solcellskollen.se/_next/static/cP1zBxlj-8hN-qjJJojn1/pages/blogg/ar-det-lonsamt-att-lagra-solel-i-sverige.js]
[solcellskollen.imgix.net/images/blog/hemmabatteri4249.jpg]
[solcellskollen.imgix.net/images/blog/solel2248.jpg]
[solcellskollen.imgix.net/images/blog/emil_nyholm2248.jpg]
[solcellskollen.se/blogg/ar-det-lonsamt-att-lagra-solel-i-sverige.html]
[solcellskollen.se/_next/static/cP1zBxlj-8hN-qjJJojn1/pages/blogg/dag-for-dag-pa-en-solcellsinstallation.js]
[solcellskollen.imgix.net/images/blog/takskena4249.jpg]
[solcellskollen.imgix.net/images/blog/montagesystem2248.jpg]
[solcellskollen.imgix.net/images/blog/solcellsmontor_johan2248.jpg]
[solcellskollen.imgix.net/images/blog/monterar_solcellspaneler2248.jpg]
[solcellskollen.imgix.net/images/blog/fardig_installation2248.jpg]
[solcellskollen.imgix.net/images/blog/vaxelriktare2248.jpg]
[solcellskollen.se/blogg/dag-for-dag-pa-en-solcellsinstallation.html]
[solcellskollen.se/_next/static/cP1zBxlj-8hN-qjJJojn1/pages/blogg/optimerare-till-solcellsanlaggningen-vi-reder-ut-vad-som-ar-bra-att-tanka-pa.js]
[solcellskollen.imgix.net/images/blog/en-optimerare4249.jpg]
[solcellskollen.imgix.net/images/blog/strang-med-solpaneler2248.jpg]
[solcellskollen.imgix.net/images/blog/tre-exempel-bypassdioder2248.jpg]
[solcellskollen.imgix.net/images/blog/strang-med-optimerare2248.jpg]
[solcellskollen.imgix.net/images/blog/exempelhus2248.jpg]
[solcellskollen.imgix.net/images/blog/optimerare-tigo-och-solaredge2248.jpg]
[solcellskollen.se/blogg/optimerare-till-solcellsanlaggningen-vi-reder-ut-vad-som-ar-bra-att-tanka-pa.html]
[solcellskollen.se/_next/static/cP1zBxlj-8hN-qjJJojn1/pages/blogg/ar-framtiden-sjalvforsorjande.js]
[solcellskollen.imgix.net/images/blog/hansolof14249.jpg]
[solcellskollen.imgix.net/images/blog/hansolof22248.jpg]
[solcellskollen.imgix.net/images/blog/hansolof42248.jpg]
[solcellskollen.imgix.net/images/blog/hansolof32248.jpg]
[solcellskollen.se/blogg/ar-framtiden-sjalvforsorjande.html]
[solcellskollen.se/_next/static/cP1zBxlj-8hN-qjJJojn1/pages/blogg/checklista-sa-skaffar-du-ett-hemmabatteri.js]
[solcellskollen.imgix.net/images/blog/batteristod4249.jpg]
[solcellskollen.se/blogg/checklista-sa-skaffar-du-ett-hemmabatteri.html]
[solcellskollen.se/_next/static/cP1zBxlj-8hN-qjJJojn1/pages/blogg/hur-effektiva-ar-solceller-2019-och-hur-ser-det-ut-om-tio-ar.js]
[solcellskollen.imgix.net/images/blog/en-solpanel4249.jpg]
[solcellskollen.imgix.net/images/blog/rekord-verkningsgrad-solceller.jpg]
[solcellskollen.imgix.net/images/blog/rekord-verkningsgrad-solceller2248.jpg]
[solcellskollen.imgix.net/images/blog/solpaneltillverkning.jpg]
[solcellskollen.imgix.net/images/blog/solpaneltillverkning2248.jpg]
[solcellskollen.se/blogg/hur-effektiva-ar-solceller-2019-och-hur-ser-det-ut-om-tio-ar.html]
[solcellskollen.se/_next/static/cP1zBxlj-8hN-qjJJojn1/pages/blogg/darfor-valde-gustaf-och-johanna-en-integrerad-solcellsanlaggning.js]
[solcellskollen.imgix.net/images/blog/integrerad-solcellsanlaggning-14249.jpg]
[solcellskollen.imgix.net/images/blog/integrerad-solcellsanlaggning-22248.jpg]
[solcellskollen.imgix.net/images/blog/integrerad-solcellsanlaggning-32248.jpg]
[solcellskollen.imgix.net/images/blog/integrerad-solcellsanlaggning-42248.jpg]
[solcellskollen.se/blogg/darfor-valde-gustaf-och-johanna-en-integrerad-solcellsanlaggning.html]
[solcellskollen.se/_next/static/cP1zBxlj-8hN-qjJJojn1/pages/blogg/kundomdomen-pa-solcellskollen.js]
[solcellskollen.imgix.net/images/blog/reference_hans_border4249.jpg]
[solcellskollen.se/blogg/kundomdomen-pa-solcellskollen.html]
[solcellskollen.se/_next/static/cP1zBxlj-8hN-qjJJojn1/pages/installer-profile.js]
[solcellskollen.se/_next/static/chunks/141.de44331880dcccb01300.js]
[solcellskollen.se/_next/static/chunks/142.50c6951e01374b8af70f.js]
[solcellskollen.imgix.net/public/cell-solar-4f79340ac0f2b9338f05cf845ac492527c12.png]
[solcellskollen.imgix.net/public/solceller-staffanstorp-skane-de486e02a61e2c86e013240580f1c23ea10b.jpg]
[solcellskollen.imgix.net/public/solceller-balsta-robert-902ae7986716632ad87f252a723bbb36529e.jpg]
[solcellskollen.imgix.net/public/solceller-jacob-lidingo-e20b0eac779e3affb0ed36fcb6825d35529e.jpg]
[solcellskollen.imgix.net/public/cell-solar-4f79340ac0f2b9338f05cf845ac492529eb2.png]
[solcellskollen.imgix.net/public/solceller-anderslov-lars-47d0f7f9601b9d6ba8a532fecd87e5e7529e.jpg]
[solcellskollen.imgix.net/public/solceller-wolfgang-uppsala-0fbb154f2321e2a61d77ed4d94c82329529e.jpg]
[solcellskollen.imgix.net/public/solceller-carina-sigtuna-5401efaaf7162990240a3aa8665afc4c529e.jpg]
[solcellskollen.imgix.net/public/solceller-marcus-stockholm-4df763d4a1fea3a13b7bd4d950edb5d6529e.jpg]
[solcellskollen.se/profil/cell-solar.html]
[solcellskollen.se/eS/index.html]
[solcellskollen.imgix.net/public/consize-ab-cbb30aee4d15d7ae3781ee0b94cd82e97c12.png]
[solcellskollen.se/profil/0Sc/index.html]
[solcellskollen.se/profil/29s/index.html]
[solcellskollen.imgix.net/public/solceller-christer-sandviken-ffebf9221a1be19dad5e37f873667f69529e.jpg]
[solcellskollen.se/profil/0tY/index.html]
[solcellskollen.se/profil/NsO/index.html]
[solcellskollen.se/profil/vZU/index.html]
[solcellskollen.imgix.net/public/solceller-ferenc-sandviken-d2dff2b5d2394fe1db550849fbb6bb28529e.jpg]
[solcellskollen.se/profil/consize-ab.html]
[solcellskollen.se/profil/qxG/index.html]
[solcellskollen.se/profil/CQb/index.html]
[solcellskollen.se/profil/Tc8/index.html]
[solcellskollen.se/profil/gAj/index.html]
[solcellskollen.imgix.net/public/ecokraft-e25ab14a71d1809888d82b6129ab1a017c12.png]
[solcellskollen.se/profil/9/5/index.html]
[solcellskollen.imgix.net/public/solceller-lantbruk-324b15ce5436e24119626e793c70cb5ea10b.jpg]
[solcellskollen.imgix.net/public/solceller-eskilstuna-daniel-58517e73ec474e5ec98ced26e70f3b78529e.jpg]
[solcellskollen.se/profil/UZv/index.html]
[solcellskollen.se/profil/vPd/index.html]
[solcellskollen.imgix.net/public/solceller-norrtalje-jan-988a24ca36d33b00a5077d0f95e7d4d9529e.jpg]
[solcellskollen.imgix.net/public/solceller-ekkehard-lottorp-4222d2b5c8c7f8343d6f8a1f707b233a529e.jpg]
[solcellskollen.imgix.net/public/solceller-kjell-aseda-feae928ba0b34e8004f8413482d1d206529e.jpg]
[solcellskollen.imgix.net/public/solceller-kurt-norrkoping-74c0f806873aa91fd1cd71b135e10bd1529e.jpg]
[solcellskollen.imgix.net/public/solceller-kent-vaxjo-08535d54fe9c61757b9632d70ad97254529e.jpg]
[solcellskollen.se/profil/ecokraft.html]
[solcellskollen.imgix.net/public/energiforbattring-ab-20cf4ca991a28f68e925e5d8b7a2d1b67c12.png]
[solcellskollen.imgix.net/public/solceller-energiforbattring-ab-molnlycke-d044e2f84fc50de45e934b1c19796f99a10b.png]
[solcellskollen.imgix.net/public/solceller-goteborg-lisa-819ccfe6f97de2ee151c0ae677f0ea11529e.jpg]
[solcellskollen.imgix.net/public/solceller-malin-lerum-54e5d60e66057c0fb66d9bf74aa5bcd2529e.jpg]
[solcellskollen.imgix.net/public/solceller-martin-orby-3ac38f94a28e42965409521716a15386529e.jpg]
[solcellskollen.imgix.net/public/solceller-mikael-goteborg-6b84d01fb1618604e2ed7ef933b7acb0529e.jpg]
[solcellskollen.se/profil/energiforbattring-ab.html]
[solcellskollen.imgix.net/public/gothia-solenergi-2f3a6ccb1a5238fccf5b8e734c4fbce27c12.png]
[solcellskollen.imgix.net/public/solceller-argongatan-molndal-1b289e229a649e7b80fa0bc36dcc9abea10b.png]
[solcellskollen.imgix.net/public/solceller-helena-landvetter-3581cdf97573f3fa3aace84b4ee09168529e.jpg]
[solcellskollen.imgix.net/public/solceller-rose-marie-molndal-074c6d35150858120c2a647254892aa6529e.jpg]
[solcellskollen.imgix.net/public/solceller-hans-goteborg-dd8f2d5deebc7de14017a0ea37ee6bb8529e.jpg]
[solcellskollen.se/profil/gothia-solenergi.html]
[solcellskollen.imgix.net/public/gron-sol-eda8ed0ed7af66bfd5dfc5d1d56bd3ea7c12.png]
[solcellskollen.imgix.net/public/solceller-villa-hoor-13afd7c9fea19e395420dc5626c782d9a10b.jpg]
[solcellskollen.imgix.net/public/solceller-kenny-munkeback-721e703f594f16e1e08319a848f06441529e.jpg]
[solcellskollen.imgix.net/public/solceller-kalle-ramlosa-fef3735c4ce82cd1436d05c4bdd1b96d529e.jpg]
[solcellskollen.se/profil/gron-sol.html]
[solcellskollen.imgix.net/public/herrljunga-elektriska-ab-b6e2b70fba50b1179f3203f596c0c5597c12.png]
[solcellskollen.imgix.net/public/solceller-villa-garage-0f8456db991e79b8761eb9c83eed9c60a10b.jpg]
[solcellskollen.se/profil/herrljunga-elektriska-ab.html]
[solcellskollen.imgix.net/public/hp-solartech-ab-8f330d91bf09c3bf88d7e04b24d32a317c12.png]
[solcellskollen.imgix.net/public/solceller-villa-svartbacken-uppsala-20b5f7b442f6935600f1019fd639487aa10b.jpg]
[solcellskollen.imgix.net/public/solceller-hagersten-lars-ake-109777212558c9a2ed19df4df911ee2e529e.jpg]
[solcellskollen.imgix.net/public/solceller-mattias-uppsala-700fb8c0282f896eccc4fc79c75840e4529e.jpg]
[solcellskollen.imgix.net/public/solceller-constantin-stockholm-1e67b51ae0c24494019d4b8c7c2955b7529e.jpg]
[solcellskollen.se/profil/hpsolartech-ab.html]
[solcellskollen.imgix.net/public/jn-solar-f37c35e18614f5e961ef9006b2a4ba217c12.png]
[solcellskollen.imgix.net/public/solceller-stugun-jamtland-7c433f2c5d0adcbf4add9311b826ffbda10b.jpg]
[solcellskollen.se/profil/jn-solar.html]
[solcellskollen.imgix.net/public/measol-b4705eaefd306799c3275ce39ea076e17c12.png]
[solcellskollen.imgix.net/public/solceller-hus-bostadsrattsforening-87d7522c19a84b404713c119b2ad5eaea10b.jpg]
[solcellskollen.imgix.net/public/solceller-lars-sodertalje-31896255896fd12089291fa47e5a185f529e.jpg]
[solcellskollen.imgix.net/public/solceller-enkoping-mattias-2aa12b17df01b5e00a13e9c4f53d92ca529e.jpg]
[solcellskollen.imgix.net/public/solceller-ulf-enkoping-c4b3d46164e51aaad38cc7c7bb511eaa529e.jpg]
[solcellskollen.se/profil/measol.html]
[solcellskollen.imgix.net/public/nyedal-solenergi-6648667f06f721ae849678c82ee4b0987c12.png]
[solcellskollen.imgix.net/public/solceller-villa-33f7b9b725e7d6551ca12de642e624f9a10b.jpg]
[solcellskollen.imgix.net/public/solceller-johan-angelholm-94dc0bb9569b9a8735e3ed0529cdbca0529e.jpg]
[solcellskollen.se/profil/nyedal-solenergi.html]
[solcellskollen.imgix.net/public/nastegarden-03d2d905e63210fa34b060c76bf006c87c12.png]
[solcellskollen.imgix.net/public/solceller-ladugard-bolum-falkoping-f06ff36e49a9799d0abb4aab20443d59a10b.jpg]
[solcellskollen.se/profil/nastegarden-energi-ab.html]
[solcellskollen.imgix.net/public/paneltaket-ab-3a326229c8ae902b2259402beb8625bb7c12.png]
[solcellskollen.imgix.net/public/solceller-villa-saro-45d074077e7c306037f90ba1fb343638a10b.jpg]
[solcellskollen.se/profil/paneltaket-ab.html]
[solcellskollen.imgix.net/public/penthon-6f19f8a6ac73a8cf0e43da961fb2628e7c12.png]
[solcellskollen.imgix.net/public/solceller-oster-goteborg-7cf2c51843f7dadea169950860ea0c8ca10b.jpg]
[solcellskollen.imgix.net/public/solceller-malin-harestad-2ae7a56b5e5113cd625fa9ec07e34179529e.jpg]
[solcellskollen.imgix.net/public/solceller-stora-hoga-klas-9246c52b05560046468d073dcdc1ecf3529e.jpg]
[solcellskollen.imgix.net/public/solceller-molndal-ake-8fd516298bbf46924f474c1541d29b96529e.jpg]
[solcellskollen.imgix.net/public/solceller-glenn-tjorn-d489ef6875cc2452c18586ef16af095c529e.jpg]
[solcellskollen.imgix.net/public/solceller-martin-uddevalla-33fa24afcefe762fa6e540f056c0c5fb529e.jpg]
[solcellskollen.imgix.net/public/solceller-monica-fjaras-84d8dae26c93d40c585b313a943ed286529e.jpg]
[solcellskollen.imgix.net/public/solceller-bjorn-molndal-009c74450f21465721cf0a7131f491f6529e.jpg]
[solcellskollen.imgix.net/public/solceller-johan-olofstorp-3547fd2300d22b2f335ee35ec2d563bd529e.jpg]
[solcellskollen.imgix.net/public/solceller-tom-olofstorp-8007565468b22e55f421bc775d60f7b2529e.jpg]
[solcellskollen.se/profil/penthon.html]
[solcellskollen.imgix.net/public/ppam-solkraft-ab-f25c3bcc4ea2d380524ec6aef2592f5a7c12.png]
[solcellskollen.imgix.net/public/solceller-garage-ahus-ef8ac9b1b1889fc153dbb8d3d9e422dda10b.jpg]
[solcellskollen.imgix.net/public/solceller-caroline-linkoping-da72542eb010780637d2ac0a444f31ad529e.jpg]
[solcellskollen.imgix.net/public/solceller-janne-ringarum-513e342f469db033a300a5d1b6abd739529e.jpg]
[solcellskollen.imgix.net/public/solceller-kristina-tived-ae7aef64f2b616ca7410c852969d3ccd529e.jpg]
[solcellskollen.se/profil/ppam-solkraft-ab.html]
[solcellskollen.imgix.net/public/solenergi-norr-logotyp-3f7620826645754aba7c8d2a839f8bd77c12.png]
[solcellskollen.imgix.net/public/solceller-villa-fillsta-43aac4bcd0dcf95ad0a073227b73747aa10b.jpg]
[solcellskollen.imgix.net/public/solceller-roland-raftalven-d039ca75be979670e206ba165914a876529e.jpg]
[solcellskollen.se/profil/solenergi-norr-ab.html]
[solcellskollen.imgix.net/public/solexperterna-varmland-ab-2eed5451b201aa0cc102c51b38cde51e7c12.png]
[solcellskollen.imgix.net/public/solceller-markstativ-781f530629004d96fa7ec4e927efe6e5a10b.jpg]
[solcellskollen.se/profil/solexperterna-varmland-ab.html]
[solcellskollen.imgix.net/public/soliga-27c448f0068619478e6e68e2a54c902a7c12.png]
[solcellskollen.imgix.net/public/solceller-villa-ann-christine-c3f0984636e0b391de3f3e92a3233ea0a10b.jpg]
[solcellskollen.se/profil/soliga.html]
[solcellskollen.imgix.net/public/solinnovation-6412f3c81bf98de808195f3a3bdec50f7c12.png]
[solcellskollen.imgix.net/public/solceller-varnamo-5d0d8d6509369675ecf0091e3f870bada10b.png]
[solcellskollen.imgix.net/public/solceller-ljungby-ronny-ebf3062c98b7c613e70c26ba1619e96b529e.jpg]
[solcellskollen.imgix.net/public/solceller-lindas-torsten-5ccd2175b04d2e6c7c5dfd6ca982fa93529e.jpg]
[solcellskollen.imgix.net/public/solceller-sjomarken-bengt-deabd3c1b0c58ae7d000092cfed60007529e.jpg]
[solcellskollen.imgix.net/public/solceller-hakan-orebro-2e5674a7d8e578d0d34164eca8b4ef48529e.jpg]
[solcellskollen.imgix.net/public/solceller-ingvar-steninge-bc5f8e0069129f22139fba0654af5821529e.jpg]
[solcellskollen.se/profil/solinnovation.html]
[solcellskollen.imgix.net/public/stockholm-solenergi-932929a8a801ee2391ce74f252d3ca7d7c12.png]
[solcellskollen.imgix.net/public/solceller-villa-cac510d1ab804c8583f3048679e2de43a10b.jpg]
[solcellskollen.imgix.net/public/solceller-roger-norrtalje-d7b53b185b8f2732b6ef1c8bd4928cee529e.jpg]
[solcellskollen.imgix.net/public/solceller-elisabeth-huddinge-20a89c3769d48d1a4f170878cbbff64e529e.jpg]
[solcellskollen.imgix.net/public/solceller-robert-trangsund-4094d497980d2d1e6a2f19791022c982529e.jpg]
[solcellskollen.imgix.net/public/solceller-erich-herrang-a930a9be39c9b6e8c5cf6e11824ab790529e.jpg]
[solcellskollen.imgix.net/public/solceller-robert-skogas-af2fdda9f97a34954005acf4db3c67c8529e.jpg]
[solcellskollen.se/profil/stockholm-solenergi.html]
[solcellskollen.imgix.net/public/svea-solar-d24b039311ae9edadfb41c0e955d67457c12.png]
[solcellskollen.imgix.net/public/solceller-garage-svea-solar-8a6289ed73779f583d1a047004867052a10b.jpg]
[solcellskollen.imgix.net/public/niclas-johannishus-solceller-01d08a250e5382990e8d876e6065cd9c529e.jpg]
[solcellskollen.imgix.net/public/solceller-borrby-roland-048142f91100d5c166587bb0ac2358c4529e.jpg]
[solcellskollen.imgix.net/public/solceller-trangsund-kjell-2577a41a769641c8a5252f93dd468587529e.jpg]
[solcellskollen.imgix.net/public/solceller-bard-halmstad-4e1a233fe6e879ecd03d245e6c5dc26b529e.jpg]
[solcellskollen.imgix.net/public/solceller-oskarshamn-peter-18d82d862b77c7bad82ee0d2ca4c3546529e.jpg]
[solcellskollen.imgix.net/public/solceller-johan-uppsala-d4e000240fde53781e790dc1b1dac750529e.jpg]
[solcellskollen.imgix.net/public/solceller-bromolla-christer-b2b68bcf731e7fd6f052a743d36925a5529e.jpg]
[solcellskollen.imgix.net/public/solceller-arkelstorp-goran-8b52881549cf8967b3abc21f39624554529e.jpg]
[solcellskollen.imgix.net/public/solceller-kristinehamn-stefan-8433b5b45d0bd21cfc333e7714f47a3a529e.jpg]
[solcellskollen.imgix.net/public/solceller-ronninge-stellan-7cdf15ba56383d38e42ea349f4f16da6529e.jpg]
[solcellskollen.imgix.net/public/solceller-anders-vanersborg-5ba6eec17d263db6d47a1b7ee812cae7529e.jpg]
[solcellskollen.imgix.net/public/solceller-stockholm-olof-60f1cf3e06c619a5c5aaedf4a1f08548529e.jpg]
[solcellskollen.imgix.net/public/solceller-uppsala-robert-7fb77d48f882232f7d3978d7c8156ea8529e.jpg]
[solcellskollen.imgix.net/public/solceller-dalsjofors-jarl-9f6e9c2b1b1ffdea3bc2ab2c891f4dea529e.jpg]
[solcellskollen.imgix.net/public/solceller-julita-jan-80a66bb90af394e67307f13c4c6f8d4f529e.jpg]
[solcellskollen.imgix.net/public/solceller-stockholm-rikard-392b847addf7b4c79b927ae07d9c3c62529e.jpg]
[solcellskollen.imgix.net/public/solceller-ulla-vallentune-bdcd62ae898e5291f2bebc48bdcbf599529e.jpg]
[solcellskollen.imgix.net/public/solceller-gert-beddingestrand-50bb8214249a41b507ecf5b2601728f4529e.jpg]
[solcellskollen.imgix.net/public/solceller-henrik-solvesborg-33c948d49b78dd11581fc25b917d94c5529e.jpg]
[solcellskollen.imgix.net/public/solceller-stefan-alvsjo-70d3a3ff44b3684818a1cff0883d0e7e529e.jpg]
[solcellskollen.imgix.net/public/solceller-sollentuna-leif-f06405ca8e55806345968e4b95b45d67529e.jpg]
[solcellskollen.imgix.net/public/solceller-simon-danderyd-fc21eaa8178f4e711ce644fd584aa7ae529e.jpg]
[solcellskollen.imgix.net/public/solceller-christer-hagby-3c7538ad92ca4068f524e76b6503ab43529e.jpg]
[solcellskollen.imgix.net/public/solceller-tuija-kungsbacka-28793a7ae3d2395a766307a08a8b88b9529e.jpg]
[solcellskollen.imgix.net/public/solceller-jan-vastervik-c06ecc54f582b803529ce47e982ebec3529e.jpg]
[solcellskollen.imgix.net/public/solceller-peter-falkenberg-91a380ca739bb8607e6282bdd4e4c6bf529e.jpg]
[solcellskollen.imgix.net/public/solceller-bosse-nattraby-707caf5e713d4742d2e415693d2ba591529e.jpg]
[solcellskollen.imgix.net/public/solceller-fredrik-jarfalla-000a8544dd8c67b8d13b020df02968db529e.jpg]
[solcellskollen.imgix.net/public/solceller-bjorn-hollviken-027eb75beb66b003bd6bc5724736170f529e.jpg]
[solcellskollen.imgix.net/public/solceller-tord-billdal-accb599973e259273a6f7153f0c82baa529e.jpg]
[solcellskollen.imgix.net/public/solceller-annica-alafors-ee573de24405a22397188fb6e755dd80529e.jpg]
[solcellskollen.imgix.net/public/solceller-robert-lindas-528d0080f72e00ad01eafbee71b45c6b529e.jpg]
[solcellskollen.imgix.net/public/solceller-jan-oskarshamn-686f9dfd07c420b70645a6ba29c26c73529e.jpg]
[solcellskollen.imgix.net/public/solceller-ake-onsala-3ab578c338e2a4abfc3b402d6e201980529e.jpg]
[solcellskollen.se/profil/svea-solar.html]
[solcellskollen.imgix.net/public/svenskt-byggmontage-ab-67e69841abe5d974a55b89f0fe12aa2d7c12.png]
[solcellskollen.imgix.net/public/solceller-villa-vellinge-e10a897d74fc38972c11cb0c6b10def0a10b.jpg]
[solcellskollen.imgix.net/public/solceller-trelleborg-lutz-c84b9041c47859d1477167f89f12fde9529e.jpg]
[solcellskollen.se/profil/svenskt-byggmontage-ab.html]
[solcellskollen.imgix.net/public/solkraft-sverige-5d1e1e1c3db0c9852483fa0fff8eeb2f7c12.png]
[solcellskollen.imgix.net/public/solceller-parhus-kungalv-3b7b55d4a076314e1da1bf9a0e24ff76a10b.jpg]
[solcellskollen.imgix.net/public/solceller-arne-vastra-frolunda-208391068a299d36026c8ac44c0c8038529e.jpg]
[solcellskollen.imgix.net/public/solceller-anders-torup-76359a847b50e20eab185067b2d97bb2529e.jpg]
[solcellskollen.se/profil/solkraft-sverige.html]
[solcellskollen.imgix.net/public/nordic-energy-partner-140644d3efd72c90a5a37398ec5b6dc77c12.png]
[solcellskollen.imgix.net/public/solceller-work-systems-494096c719c2c186cb2fc3364d3e0b04a10b.jpg]
[solcellskollen.se/profil/nordic-energy-partner.html]
[solcellskollen.imgix.net/public/varmitek-logotyp-992ad02634b96e2c86be948a598ed8507c12.png]
[solcellskollen.imgix.net/public/solceller-fastighet-varmitek-5f8b78094cdb686c60d2a7177037350aa10b.jpg]
[solcellskollen.se/profil/varmitek-energisystem.html]
[solcellskollen.imgix.net/public/soldags-logga-7d51b331c4713990af0baa809245c06f7c12.png]
[solcellskollen.imgix.net/public/solceller-villa1-soldags-50d95291f150a6b918cb4f638e301178a10b.jpg]
[solcellskollen.imgix.net/public/solceller-halmstad-janne-e175d3315da6c8e386c37a4c66b86d2d529e.jpg]
[solcellskollen.se/profil/soldags.html]
[solcellskollen.imgix.net/public/dt-energi-logotyp-2-a53bee13bb8662d33a55470482cc05a97c12.png]
[solcellskollen.imgix.net/public/solceller-bostadsrattsforening-dtenergi-bd84a9a54d0fc80bb99aabd9de54fca8a10b.jpg]
[solcellskollen.imgix.net/public/solceller-jesper-hamburgsund-c9bf327d3e0b2dc335edd08d2fb885e0529e.jpg]
[solcellskollen.se/profil/dt-energi.html]
[solcellskollen.imgix.net/public/solensenergi-logotyp-ca7d99e624c536dc9eb3b21b4076d6127c12.png]
[solcellskollen.imgix.net/public/solceller-bjarred-solens-energi-f2d78f0e535b5d1ef704519579e1690fa10b.jpg]
[solcellskollen.imgix.net/public/solceller-thomas-lund-909ab8179efed71a802cbe7e810a05bf529e.jpg]
[solcellskollen.imgix.net/public/solceller-ljunhusen-thomas-dc6579a2209bcb739beb764b2ec19357529e.png]
[solcellskollen.se/profil/solens-energi.html]
[solcellskollen.imgix.net/public/solenergispecialisten-logga-e3be958f6c0ac62f0ede64f50bf74e607c12.png]
[solcellskollen.imgix.net/public/solceller-ornskoldsvik-solenergispecialisten-0c91a8c699c67fb00246774a2a9ef640a10b.jpg]
[solcellskollen.imgix.net/public/solceller-reine-overhornas-df2fa313bd60e364ead77555457c0a8e529e.jpg]
[solcellskollen.se/profil/solenergispecialisten.html]
[solcellskollen.imgix.net/public/sunavia-logotyp-391fbb67a5e2f193dcde4b6d7c7229837c12.png]
[solcellskollen.imgix.net/public/solceller-sunavia-sollentuna-b8e352e98e9fba9f8f433fc9989350cda10b.jpg]
[solcellskollen.se/profil/sunavia.html]
[solcellskollen.imgix.net/public/gosolenergi-logotyp-86881d19d0875e31a8a954fc3b2188547c12.png]
[solcellskollen.imgix.net/public/solceller-lantbruk-norrtalje-cde100f6eeb2196c1ea8c8834de6086aa10b.jpg]
[solcellskollen.imgix.net/public/solceller-niclas-tyreso-1baa31bd81d44a7ab7ec702f39c724ba529e.jpg]
[solcellskollen.imgix.net/public/solceller-nykoping-gustaf-a5ae36bf5deae90393b7f9ef87a469ba529e.jpg]
[solcellskollen.se/profil/gosolenergi.html]
[solcellskollen.imgix.net/public/solkraftverket-logotyp-c148cfc9f7f37342fc3aa06e27d360b67c12.png]
[solcellskollen.imgix.net/public/solkraftverket-villa-svenljunga-c47bba983b1c9a0eaf97a15381969f3ea10b.jpg]
[solcellskollen.imgix.net/public/solceller-robin-kungsbacka-2a6abce48b5019d754a4a98b8eede0c0529e.jpg]
[solcellskollen.se/profil/solkraftverket.html]
[solcellskollen.imgix.net/public/logotyp-sun4energy-43f5566450d50a02597059ebbad3a7ee7c12.jpg]
[solcellskollen.imgix.net/public/industri-solceller-sun4energy-e5dde60b6279c922556e31748c0d8727a10b.jpg]
[solcellskollen.se/profil/sun4energy.html]
[solcellskollen.imgix.net/public/logotyp-atumenergi-19013e1128600d48004a65aa1b60931a7c12.png]
[solcellskollen.imgix.net/public/solceller-gard-atumenergi-ff5468913b5732973e1cb1ef8eb1f160a10b.jpg]
[solcellskollen.se/profil/atum-energi.html]
[solcellskollen.se/_next/static/cP1zBxlj-8hN-qjJJojn1/pages/blogg/lisa-om-varfor-de-valde-att-overdimensionera-sin-solcellsanlaggning.js]
[solcellskollen.imgix.net/images/blog/lisa-lundin-och-hennes-solcellssystem4249.jpg]
[solcellskollen.imgix.net/images/blog/lisa-lundin-vid-koksbordet2248.jpg]
[solcellskollen.se/blogg/lisa-om-varfor-de-valde-att-overdimensionera-sin-solcellsanlaggning.html]
[solcellskollen.imgix.net/images/blog/johan-paradis-maria-sandstrom-solceller-huvudsta4249.jpg]
[solcellskollen.imgix.net/images/blog/tva-tidigare-generationers-vaxelriktare2248.png]
[solcellskollen.imgix.net/images/blog/35-ar-gamla-solpaneler2248.jpg]
[solcellskollen.se/_next/static/cP1zBxlj-8hN-qjJJojn1/pages/blogg/35-ar-senare-hur-gar-det-for-sveriges-aldsta-solcellsanlaggning.js]
[solcellskollen.imgix.net/images/blog/35-ar-gammal-kopplingslada2248.jpg]
[solcellskollen.imgix.net/images/blog/sveriges-aldsta-solcellsanlaggning2248.jpg]
[solcellskollen.se/blogg/35-ar-senare-hur-gar-det-for-sveriges-aldsta-solcellsanlaggning.html]
[solcellskollen.se/_next/static/cP1zBxlj-8hN-qjJJojn1/pages/blogg/om-nar-brf-trangsund-installerade-solceller-och-fick-en-glad-overraskning.js]
[solcellskollen.imgix.net/images/blog/kjell-hagback-brf-trangsund4249.jpg]
[solcellskollen.imgix.net/images/blog/solcellerna-brf-trangsund2248.jpg]
[solcellskollen.imgix.net/images/blog/kjell-visar-solelproduktionen2248.jpg]
[solcellskollen.se/blogg/om-nar-brf-trangsund-installerade-solceller-och-fick-en-glad-overraskning.html]
[solcellskollen.se/_next/static/cP1zBxlj-8hN-qjJJojn1/pages/blogg/regeringen-foreslar-att-skjuta-till-800-miljoner-till-solcellsstodet-sa-langt-racker-det.js]
[solcellskollen.imgix.net/images/blog/riksdagshuset-24249.jpg]
[solcellskollen.se/blogg/regeringen-foreslar-att-skjuta-till-800-miljoner-till-solcellsstodet-sa-langt-racker-det.html]
[solcellskollen.imgix.net/images/blog/sven-och-cecilia-solceller-kungsbacka7399.jpg]
[solcellskollen.se/blogg/arkiv/2.html]
[solcellskollen.se/blogg/arkiv/3.html]
[solcellskollen.se/blogg/arkiv/9.html]
[solcellskollen.se/_next/static/cP1zBxlj-8hN-qjJJojn1/pages/blogg/gar-det-att-lagra-el-javisst-har-ar-3-alternativ.js]
[solcellskollen.imgix.net/images/blog/vatgastankar4249.jpg]
[solcellskollen.se/blogg/gar-det-att-lagra-el-javisst-har-ar-3-alternativ.html]
[solcellskollen.se/_next/static/cP1zBxlj-8hN-qjJJojn1/pages/blogg/bygglov-for-solceller-slopas.js]
[solcellskollen.imgix.net/images/blog/slopatbygglovskrav4249.jpg]
[solcellskollen.se/blogg/bygglov-for-solceller-slopas.html]
[solcellskollen.se/_next/static/cP1zBxlj-8hN-qjJJojn1/pages/blogg/forsvinner-bygglovskravet.js]
[solcellskollen.imgix.net/images/blog/bygglov4249.jpg]
[solcellskollen.se/blogg/forsvinner-bygglovskravet.html]
[solcellskollen.se/_next/static/cP1zBxlj-8hN-qjJJojn1/pages/blogg/linda-burenius-magnusson-om-potentialen-och-utmaningarna-for-svensk-vindkraft.js]
[solcellskollen.imgix.net/images/blog/linda-burenius-magnusson4249.jpg]
[solcellskollen.se/blogg/linda-burenius-magnusson-om-potentialen-och-utmaningarna-for-svensk-vindkraft.html]
[solcellskollen.se/_next/static/cP1zBxlj-8hN-qjJJojn1/pages/blogg/joakim-widen-om-potentialen-for-svensk-solel.js]
[solcellskollen.imgix.net/images/blog/joakim-widen4249.jpg]
[solcellskollen.se/blogg/joakim-widen-om-potentialen-for-svensk-solel.html]
[solcellskollen.se/_next/static/cP1zBxlj-8hN-qjJJojn1/pages/blogg/riksdagspartierna-om-energi-och-solcellspolitiken.js]
[solcellskollen.imgix.net/images/blog/riksdagshuset4249.jpg]
[solcellskollen.imgix.net/images/blog/elproduktion_i_sverige_20172248.jpg]
[solcellskollen.se/blogg/riksdagspartierna-om-energi-och-solcellspolitiken.html]
[solcellskollen.se/_next/static/cP1zBxlj-8hN-qjJJojn1/pages/blogg/dynamiken-i-100-fornybart.js]
[solcellskollen.imgix.net/images/blog/varberg14249.jpg]
[solcellskollen.imgix.net/images/blog/varberg42248.jpg]
[solcellskollen.se/blogg/dynamiken-i-100-fornybart.html]
[solcellskollen.se/_next/static/cP1zBxlj-8hN-qjJJojn1/pages/blogg/nar-laddbara-bilar-en-marknadsandel-pa-100-redan-2026.js]
[solcellskollen.imgix.net/images/blog/daniel-kulin-i-en-jaguar-ipace4249.jpg]
[solcellskollen.se/blogg/nar-laddbara-bilar-en-marknadsandel-pa-100-redan-2026.html]
[solcellskollen.imgix.net/images/blog/elmatare4249.jpg]
[solcellskollen.se/blogg/del-2-elcertifikat-och-ursprungsgarantier-for-solceller-sa-ansoker-du.html]
[solcellskollen.se/_next/static/cP1zBxlj-8hN-qjJJojn1/pages/blogg/del-2-elcertifikat-och-ursprungsgarantier-for-solceller-sa-ansoker-du.js]
[solcellskollen.se/_next/static/cP1zBxlj-8hN-qjJJojn1/pages/blogg/var-maj-en-av-de-basta-solcellsmanaderna-nagonsin.js]
[solcellskollen.imgix.net/images/blog/markmonterade_solceller4249.jpg]
[solcellskollen.imgix.net/images/blog/graph_spot_irradiation2248.jpg]
[solcellskollen.se/blogg/var-maj-en-av-de-basta-solcellsmanaderna-nagonsin.html]
[solcellskollen.se/_next/static/cP1zBxlj-8hN-qjJJojn1/pages/blogg/3-tips-fran-en-solcellskopare-till-en-annan.js]
[solcellskollen.imgix.net/images/blog/rose_maries_solceller4249.jpg]
[solcellskollen.imgix.net/images/blog/panelerna_kommer_pa_plats2248.jpg]
[solcellskollen.imgix.net/images/blog/sharppaneler2248.jpg]
[solcellskollen.se/blogg/3-tips-fran-en-solcellskopare-till-en-annan.html]
[solcellskollen.se/_next/static/cP1zBxlj-8hN-qjJJojn1/pages/blogg/investeringsstodet-for-solceller-sanks-till-20-vi-gar-igenom-vad-som-galler.js]
[solcellskollen.imgix.net/images/blog/riksdagen4249.jpg]
[solcellskollen.se/blogg/investeringsstodet-for-solceller-sanks-till-20-vi-gar-igenom-vad-som-galler.html]
[solcellskollen.se/_next/static/cP1zBxlj-8hN-qjJJojn1/pages/blogg/osaker-framtid-for-investeringsstodet-vi-tog-reda-pa-vad-som-galler.js]
[solcellskollen.imgix.net/images/blog/energimyndigheten4249.jpg]
[solcellskollen.se/blogg/osaker-framtid-for-investeringsstodet-vi-tog-reda-pa-vad-som-galler.html]
[solcellskollen.se/_next/static/cP1zBxlj-8hN-qjJJojn1/pages/blogg/solcellsstodet-hojs-till-30.js]
[solcellskollen.imgix.net/images/blog/investeringsstod4249.jpg]
[solcellskollen.se/blogg/solcellsstodet-hojs-till-30.html]
[solcellskollen.se/_next/static/cP1zBxlj-8hN-qjJJojn1/pages/blogg/hojt-solcellsstod-men-vad-galler.js]
[solcellskollen.imgix.net/images/blog/hojt_solcellsstod_men_vad_galler4249.jpg]
[solcellskollen.se/blogg/hojt-solcellsstod-men-vad-galler.html]
[solcellskollen.se/_next/static/cP1zBxlj-8hN-qjJJojn1/pages/blogg/solcellskollen-pa-tysklandsresa.js]
[solcellskollen.imgix.net/images/blog/erik-och-eric-pa-farjan4249.jpg]
[solcellskollen.se/blogg/solcellskollen-pa-tysklandsresa.html]
[solcellskollen.se/_next/static/cP1zBxlj-8hN-qjJJojn1/pages/blogg/nu-kan-aven-en-brf-anvanda-solcellskollen-for-att-komma-igang-med-sitt-solcellsprojekt.js]
[solcellskollen.imgix.net/images/blog/solceller-brf-viva-24249.jpg]
[solcellskollen.se/blogg/nu-kan-aven-en-brf-anvanda-solcellskollen-for-att-komma-igang-med-sitt-solcellsprojekt.html]
[solcellskollen.se/_next/static/cP1zBxlj-8hN-qjJJojn1/pages/blogg/varen-ar-har-bjud-in-till-solcellskalas.js]
[solcellskollen.imgix.net/images/blog/soleltupperware4249.jpg]
[solcellskollen.se/blogg/varen-ar-har-bjud-in-till-solcellskalas.html]
[solcellskollen.se/_next/static/cP1zBxlj-8hN-qjJJojn1/pages/blogg/vinnova-satsar-pa-solcellskollen.js]
[solcellskollen.imgix.net/images/blog/ew_ea_24249.jpg]
[solcellskollen.se/blogg/vinnova-satsar-pa-solcellskollen.html]
[solcellskollen.se/blogg/bjud-in-till-solcellskalas.html]
[solcellskollen.se/_next/static/cP1zBxlj-8hN-qjJJojn1/pages/blogg/bjud-in-till-solcellskalas.js]
[solcellskollen.se/_next/static/cP1zBxlj-8hN-qjJJojn1/pages/blogg/valkommen-till-solcellskollen.js]
[solcellskollen.imgix.net/images/blog/pattern4249.jpg]
[solcellskollen.imgix.net/images/blog/solpotentialsverige2248.png]
[solcellskollen.imgix.net/images/blog/branno72248.png]
[solcellskollen.se/blogg/valkommen-till-solcellskollen.html]
[solcellskollen.se/_next/static/cP1zBxlj-8hN-qjJJojn1/pages/blogg/vykort-fran-branno.js]
[solcellskollen.imgix.net/images/blog/branno24249.jpg]
[solcellskollen.imgix.net/images/blog/branno32248.png]
[solcellskollen.imgix.net/images/blog/branno42248.png]
[solcellskollen.imgix.net/images/blog/branno52248.png]
[solcellskollen.imgix.net/images/blog/branno62248.png]
[solcellskollen.se/blogg/vykort-fran-branno.html]
[solcellskollen.se/_next/static/cP1zBxlj-8hN-qjJJojn1/pages/blogg/marika-edoff-om-att-jaga-varldsrekord-i-solcellers-verkningsgrad.js]
[solcellskollen.imgix.net/images/blog/marika-edoff4249.jpg]
[solcellskollen.se/blogg/marika-edoff-om-att-jaga-varldsrekord-i-solcellers-verkningsgrad.html]
[solcellskollen.se/_next/static/cP1zBxlj-8hN-qjJJojn1/pages/blogg/erik-martinson-om-att-bygga-sveriges-storsta-solcellspark-tva-ganger-pa-ett-halvar.js]
[solcellskollen.imgix.net/images/blog/pagaende-installation-sveriges-storsta-solcellspark-sjobo4249.jpg]
[solcellskollen.imgix.net/images/blog/sjobo-solcellspark-fardigstalld2248.jpg]
[solcellskollen.se/blogg/erik-martinson-om-att-bygga-sveriges-storsta-solcellspark-tva-ganger-pa-ett-halvar.html]
[solcellskollen.se/_next/static/cP1zBxlj-8hN-qjJJojn1/pages/blogg/johan-paradis-om-att-bygga-solcellsparker.js]
[solcellskollen.imgix.net/images/blog/johan-paradis4249.jpg]
[solcellskollen.se/blogg/johan-paradis-om-att-bygga-solcellsparker.html]
[solcellskollen.se/_next/static/cP1zBxlj-8hN-qjJJojn1/pages/blogg/sveriges-storsta-solcellspark-ligger-numera-pa-hisingen.js]
[solcellskollen.imgix.net/images/blog/invigning-nya-solevi4249.jpg]
[solcellskollen.se/blogg/sveriges-storsta-solcellspark-ligger-numera-pa-hisingen.html]
[solcellskollen.se/_next/static/cP1zBxlj-8hN-qjJJojn1/pages/blogg/sveriges-storsta-solcellspark-nara-att-invigas.js]
[solcellskollen.imgix.net/images/blog/sveriges-storsta-solcellspark-hisingen-save-flygplats4249.jpg]
[solcellskollen.imgix.net/images/blog/projektledare-tommy-solcellspark2248.jpg]
[solcellskollen.se/blogg/sveriges-storsta-solcellspark-nara-att-invigas.html]
[solcellskollen.se/_next/static/cP1zBxlj-8hN-qjJJojn1/pages/blogg/kina-visar-vagen.js]
[solcellskollen.imgix.net/images/blog/flagga_kina4249.jpg]
[solcellskollen.se/blogg/kina-visar-vagen.html]
[solcellskollen.se/_next/static/cP1zBxlj-8hN-qjJJojn1/pages/blogg/status-i-solcells-sverige.js]
[solcellskollen.imgix.net/images/blog/karta34249.jpg]
[solcellskollen.se/blogg/status-i-solcells-sverige.html]
[solcellskollen.se/_next/static/cP1zBxlj-8hN-qjJJojn1/pages/blogg/vi-pa-solsidan.js]
[solcellskollen.imgix.net/images/blog/varberg22248.jpg]
[solcellskollen.imgix.net/images/blog/varberg32248.jpg]
[solcellskollen.se/blogg/vi-pa-solsidan.html]
[solcellskollen.se/_next/static/cP1zBxlj-8hN-qjJJojn1/pages/blogg/vad-innebar-sankt-solelskatt.js]
[solcellskollen.imgix.net/images/blog/husicon4249.jpg]
[solcellskollen.se/blogg/vad-innebar-sankt-solelskatt.html]
[solcellskollen.se/_next/static/cP1zBxlj-8hN-qjJJojn1/pages/blogg/vilka-ar-de-hetaste-trenderna-inom-solceller-2019-vi-akte-till-intersolar-for-att-fa-svar.js]
[solcellskollen.imgix.net/images/blog/luxors-monter-pa-intersolar4249.jpg]
[solcellskollen.imgix.net/images/blog/solpanel-med-halvcellsteknik2248.jpg]
[solcellskollen.imgix.net/images/blog/qcells-monter-pa-intersolar2248.jpg]
[solcellskollen.imgix.net/images/blog/greenbytes-monter-pa-intersolar2248.jpg]
[solcellskollen.se/blogg/vilka-ar-de-hetaste-trenderna-inom-solceller-2019-vi-akte-till-intersolar-for-att-fa-svar.html]
[solcellskollen.se/_next/static/cP1zBxlj-8hN-qjJJojn1/pages/blogg/pa-spaning-efter-the-big-five-pa-jonkopings-solsafari.js]
[solcellskollen.imgix.net/images/blog/solceller_habo_solsafari4249.jpg]
[solcellskollen.imgix.net/images/blog/magnus_sandell_solsafari2248.jpg]
[solcellskollen.imgix.net/images/blog/johannes_von_rosen_solsafari2248.jpg]
[solcellskollen.imgix.net/images/blog/otto_hedenmo_solsafari2248.jpg]
[solcellskollen.se/blogg/pa-spaning-efter-the-big-five-pa-jonkopings-solsafari.html]
[solcellskollen.se/_next/static/cP1zBxlj-8hN-qjJJojn1/pages/blogg/bengt-stridh-och-bloggen.js]
[solcellskollen.imgix.net/images/blog/bengt14249.jpg]
[solcellskollen.imgix.net/images/blog/bengt22248.jpg]
[solcellskollen.imgix.net/images/blog/bengt32248.jpg]
[solcellskollen.se/blogg/bengt-stridh-och-bloggen.html]
[solcellskollen.se/_next/static/cP1zBxlj-8hN-qjJJojn1/pages/blogg/bergsjons-svarta-diamant.js]
[solcellskollen.imgix.net/images/blog/stacken14249.jpg]
[solcellskollen.imgix.net/images/blog/stacken22248.jpg]
[solcellskollen.imgix.net/images/blog/stacken32248.jpg]
[solcellskollen.imgix.net/images/blog/stacken42248.jpg]
[solcellskollen.imgix.net/images/blog/stacken52248.jpg]
[solcellskollen.se/blogg/bergsjons-svarta-diamant.html]
[solcellskollen.imgix.net/public/cell-solar-4f79340ac0f2b9338f05cf845ac492529ead.png]
[solcellskollen.se/hitta-leverantor/offert/cell-solar.html]
[solcellskollen.imgix.net/public/consize-ab-cbb30aee4d15d7ae3781ee0b94cd82e99ead.png]
[solcellskollen.se/hitta-leverantor/offert/consize-ab.html]
[solcellskollen.imgix.net/public/ecokraft-e25ab14a71d1809888d82b6129ab1a019ead.png]
[solcellskollen.se/hitta-leverantor/offert/ecokraft.html]
[solcellskollen.imgix.net/public/energiforbattring-ab-20cf4ca991a28f68e925e5d8b7a2d1b69ead.png]
[solcellskollen.se/hitta-leverantor/offert/energiforbattring-ab.html]
[solcellskollen.imgix.net/public/gothia-solenergi-2f3a6ccb1a5238fccf5b8e734c4fbce29ead.png]
[solcellskollen.se/hitta-leverantor/offert/gothia-solenergi.html]
[solcellskollen.se/_next/static/cP1zBxlj-8hN-qjJJojn1/pages/offert.js]
[solcellskollen.imgix.net/public/gron-sol-eda8ed0ed7af66bfd5dfc5d1d56bd3ea9ead.png]
[solcellskollen.se/hitta-leverantor/offert/gron-sol.html]
[solcellskollen.imgix.net/public/herrljunga-elektriska-ab-b6e2b70fba50b1179f3203f596c0c5599ead.png]
[solcellskollen.se/hitta-leverantor/offert/herrljunga-elektriska-ab.html]
[solcellskollen.imgix.net/public/hp-solartech-ab-8f330d91bf09c3bf88d7e04b24d32a319ead.png]
[solcellskollen.se/hitta-leverantor/offert/hpsolartech-ab.html]
[solcellskollen.imgix.net/public/jn-solar-f37c35e18614f5e961ef9006b2a4ba219ead.png]
[solcellskollen.se/hitta-leverantor/offert/jn-solar.html]
[solcellskollen.imgix.net/public/measol-b4705eaefd306799c3275ce39ea076e19ead.png]
[solcellskollen.se/hitta-leverantor/offert/measol.html]
[solcellskollen.imgix.net/public/nyedal-solenergi-6648667f06f721ae849678c82ee4b0989ead.png]
[solcellskollen.se/hitta-leverantor/offert/nyedal-solenergi.html]
[solcellskollen.imgix.net/public/nastegarden-03d2d905e63210fa34b060c76bf006c89ead.png]
[solcellskollen.se/hitta-leverantor/offert/nastegarden-energi-ab.html]
[solcellskollen.imgix.net/public/paneltaket-ab-3a326229c8ae902b2259402beb8625bb9ead.png]
[solcellskollen.se/hitta-leverantor/offert/paneltaket-ab.html]
[solcellskollen.imgix.net/public/penthon-6f19f8a6ac73a8cf0e43da961fb2628e9ead.png]
[solcellskollen.se/hitta-leverantor/offert/penthon.html]
[solcellskollen.imgix.net/public/ppam-solkraft-ab-f25c3bcc4ea2d380524ec6aef2592f5a9ead.png]
[solcellskollen.se/hitta-leverantor/offert/ppam-solkraft-ab.html]
[solcellskollen.imgix.net/public/solenergi-norr-logotyp-3f7620826645754aba7c8d2a839f8bd79ead.png]
[solcellskollen.se/hitta-leverantor/offert/solenergi-norr-ab.html]
[solcellskollen.imgix.net/public/solexperterna-varmland-ab-2eed5451b201aa0cc102c51b38cde51e9ead.png]
[solcellskollen.se/hitta-leverantor/offert/solexperterna-varmland-ab.html]
[solcellskollen.imgix.net/public/soliga-27c448f0068619478e6e68e2a54c902a9ead.png]
[solcellskollen.se/hitta-leverantor/offert/soliga.html]
[solcellskollen.imgix.net/public/solinnovation-6412f3c81bf98de808195f3a3bdec50f9ead.png]
[solcellskollen.se/hitta-leverantor/offert/solinnovation.html]
[solcellskollen.imgix.net/public/stockholm-solenergi-932929a8a801ee2391ce74f252d3ca7d9ead.png]
[solcellskollen.se/hitta-leverantor/offert/stockholm-solenergi.html]
[solcellskollen.imgix.net/public/svea-solar-d24b039311ae9edadfb41c0e955d67459ead.png]
[solcellskollen.se/hitta-leverantor/offert/svea-solar.html]
[solcellskollen.imgix.net/public/svenskt-byggmontage-ab-67e69841abe5d974a55b89f0fe12aa2d9ead.png]
[solcellskollen.se/hitta-leverantor/offert/svenskt-byggmontage-ab.html]
[solcellskollen.imgix.net/public/solkraft-sverige-5d1e1e1c3db0c9852483fa0fff8eeb2f9ead.png]
[solcellskollen.se/hitta-leverantor/offert/solkraft-sverige.html]
[solcellskollen.imgix.net/public/nordic-energy-partner-140644d3efd72c90a5a37398ec5b6dc79ead.png]
[solcellskollen.se/hitta-leverantor/offert/nordic-energy-partner.html]
[solcellskollen.imgix.net/public/varmitek-logotyp-992ad02634b96e2c86be948a598ed8509ead.png]
[solcellskollen.se/hitta-leverantor/offert/varmitek-energisystem.html]
[solcellskollen.imgix.net/public/soldags-logga-7d51b331c4713990af0baa809245c06f9ead.png]
[solcellskollen.se/hitta-leverantor/offert/soldags.html]
[solcellskollen.imgix.net/public/dt-energi-logotyp-2-a53bee13bb8662d33a55470482cc05a99ead.png]
[solcellskollen.se/hitta-leverantor/offert/dt-energi.html]
[solcellskollen.imgix.net/public/solensenergi-logotyp-ca7d99e624c536dc9eb3b21b4076d6129ead.png]
[solcellskollen.se/hitta-leverantor/offert/solens-energi.html]
[solcellskollen.imgix.net/public/solenergispecialisten-logga-e3be958f6c0ac62f0ede64f50bf74e609ead.png]
[solcellskollen.se/hitta-leverantor/offert/solenergispecialisten.html]
[solcellskollen.imgix.net/public/sunavia-logotyp-391fbb67a5e2f193dcde4b6d7c7229839ead.png]
[solcellskollen.se/hitta-leverantor/offert/sunavia.html]
[solcellskollen.imgix.net/public/gosolenergi-logotyp-86881d19d0875e31a8a954fc3b2188549ead.png]
[solcellskollen.se/hitta-leverantor/offert/gosolenergi.html]
[solcellskollen.imgix.net/public/solkraftverket-logotyp-c148cfc9f7f37342fc3aa06e27d360b69ead.png]
[solcellskollen.se/hitta-leverantor/offert/solkraftverket.html]
[solcellskollen.imgix.net/public/logotyp-sun4energy-43f5566450d50a02597059ebbad3a7ee9ead.jpg]
[solcellskollen.se/hitta-leverantor/offert/sun4energy.html]
[solcellskollen.imgix.net/public/logotyp-atumenergi-19013e1128600d48004a65aa1b60931a9ead.png]
[solcellskollen.se/hitta-leverantor/offert/atum-energi.html]
[solcellskollen.se/_next/static/cP1zBxlj-8hN-qjJJojn1/pages/blogg/sven-och-cecilias-vag-till-solceller-fran-ide-om-gruppkop-till-egen-satsning.js]
[solcellskollen.imgix.net/images/blog/sven-och-cecilia-solceller-kungsbacka4249.jpg]
[solcellskollen.se/blogg/sven-och-cecilias-vag-till-solceller-fran-ide-om-gruppkop-till-egen-satsning.html]
[solcellskollen.se/blogg/arkiv/4.html]
[solcellskollen.se/blogg/arkiv/8.html]
[solcellskollen.se/blogg/arkiv/7.html]
[solcellskollen.se/blogg/arkiv/5.html]
[solcellskollen.se/blogg/arkiv/6.html]
[cdnjs.cloudflare.com/ajax/libs/slick-carousel/1.6.0/slick.min.css]
[solcellskollen.se/static/styles/webfonts/362FF4_0_0.eot]
[solcellskollen.se/static/styles/webfonts/362FF4_0_0d41d.eot]
[solcellskollen.se/static/styles/webfonts/362FF4_0_0.woff2]
[solcellskollen.se/static/styles/webfonts/362FF4_0_0.woff]
[solcellskollen.se/static/styles/webfonts/362FF4_0_0.ttf]
[solcellskollen.se/static/styles/webfonts/362FF4_1_0.eot]
[solcellskollen.se/static/styles/webfonts/362FF4_1_0d41d.eot]
[solcellskollen.se/static/styles/webfonts/362FF4_1_0.woff2]
[solcellskollen.se/static/styles/webfonts/362FF4_1_0.woff]
[solcellskollen.se/static/styles/webfonts/362FF4_1_0.ttf]
[solcellskollen.se/static/styles/webfonts/362FF4_2_0.eot]
[solcellskollen.se/static/styles/webfonts/362FF4_2_0d41d.eot]
[solcellskollen.se/static/styles/webfonts/362FF4_2_0.woff2]
[solcellskollen.se/static/styles/webfonts/362FF4_2_0.woff]
[solcellskollen.se/static/styles/webfonts/362FF4_2_0.ttf]
[solcellskollen.se/static/styles/webfonts/362FF4_3_0.eot]
[solcellskollen.se/static/styles/webfonts/362FF4_3_0d41d.eot]
[solcellskollen.se/static/styles/webfonts/362FF4_3_0.woff2]
[solcellskollen.se/static/styles/webfonts/362FF4_3_0.woff]
[solcellskollen.se/static/styles/webfonts/362FF4_3_0.ttf]
[solcellskollen.se/static/styles/webfonts/385D08_0_0.eot]
[solcellskollen.se/static/styles/webfonts/385D08_0_0d41d.eot]
[solcellskollen.se/static/styles/webfonts/385D08_0_0.woff2]
[solcellskollen.se/static/styles/webfonts/385D08_0_0.woff]
[solcellskollen.se/static/styles/fonts.css]
[solcellskollen.se/static/styles/tachyons.min.css]
[solcellskollen.se/static/styles/webfonts/385D08_0_0.ttf]
[solcellskollen.se/POST.394.delayed]
[connect.facebook.net/en_US/fbevents.js]
[solcellskollen.se/eS/index.html]
[solcellskollen.se/profil/0Sc/index.html]
[solcellskollen.se/profil/0tY/index.html]
[solcellskollen.se/profil/29s/index.html]
[solcellskollen.se/profil/NsO/index.html]
[solcellskollen.se/profil/qxG/index.html]
[solcellskollen.se/profil/vZU/index.html]
[solcellskollen.se/profil/CQb/index.html]
[solcellskollen.se/profil/Tc8/index.html]
[solcellskollen.se/profil/gAj/index.html]
[solcellskollen.se/profil/9/5/index.html]
[solcellskollen.se/profil/UZv/index.html]
[solcellskollen.se/profil/vPd/index.html]
[solcellskollen.se/POST.html]
