188.163.44.231 - - [08/Nov/2019:14:57:00 +0300] "GET /rentvilla/wp-admin/admin-ajax.php?action=dashboard-widgets&widget=dashboard_primary&pagenow=dashboard&_fs_blog_admin=true HTTP/1.0" 200 770 "https://h141281.s06.test-hf.su/rentvilla/wp-admin/" "Mozilla/5.0 (Windows NT 10.0; Win64; x64) AppleWebKit/537.36 (KHTML, like Gecko) Chrome/78.0.3904.70 Safari/537.36"
188.163.44.231 - - [08/Nov/2019:14:57:06 +0300] "GET /rentvilla/wp-admin/edit.php?post_type=page HTTP/1.0" 200 244432 "https://h141281.s06.test-hf.su/rentvilla/wp-admin/" "Mozilla/5.0 (Windows NT 10.0; Win64; x64) AppleWebKit/537.36 (KHTML, like Gecko) Chrome/78.0.3904.70 Safari/537.36"
188.163.44.231 - - [08/Nov/2019:14:57:10 +0300] "POST /rentvilla/wp-admin/admin-ajax.php?_fs_blog_admin=true HTTP/1.0" 200 47 "https://h141281.s06.test-hf.su/rentvilla/wp-admin/edit.php?post_type=page" "Mozilla/5.0 (Windows NT 10.0; Win64; x64) AppleWebKit/537.36 (KHTML, like Gecko) Chrome/78.0.3904.70 Safari/537.36"
188.163.44.231 - - [08/Nov/2019:14:57:26 +0300] "POST /rentvilla/wp-admin/admin-ajax.php?_fs_blog_admin=true HTTP/1.0" 200 47 "https://h141281.s06.test-hf.su/rentvilla/wp-admin/edit.php?post_type=page" "Mozilla/5.0 (Windows NT 10.0; Win64; x64) AppleWebKit/537.36 (KHTML, like Gecko) Chrome/78.0.3904.70 Safari/537.36"
188.163.44.231 - - [08/Nov/2019:14:57:44 +0300] "POST /rentvilla/wp-admin/admin-ajax.php?_fs_blog_admin=true HTTP/1.0" 200 47 "https://h141281.s06.test-hf.su/rentvilla/wp-admin/edit.php?post_type=page" "Mozilla/5.0 (Windows NT 10.0; Win64; x64) AppleWebKit/537.36 (KHTML, like Gecko) Chrome/78.0.3904.70 Safari/537.36"
188.163.44.231 - - [08/Nov/2019:14:57:49 +0300] "POST /rentvilla/wp-admin/admin-ajax.php HTTP/1.0" 200 37 "https://h141281.s06.test-hf.su/rentvilla/city/park-city/" "Mozilla/5.0 (Windows NT 10.0; Win64; x64) AppleWebKit/537.36 (KHTML, like Gecko) Chrome/78.0.3904.70 Safari/537.36"
188.163.44.231 - - [08/Nov/2019:14:57:53 +0300] "GET /rentvilla/contact-us/ HTTP/1.0" 200 259716 "https://h141281.s06.test-hf.su/rentvilla/wp-admin/edit.php?post_type=page" "Mozilla/5.0 (Windows NT 10.0; Win64; x64) AppleWebKit/537.36 (KHTML, like Gecko) Chrome/78.0.3904.70 Safari/537.36"
188.163.44.231 - - [08/Nov/2019:14:57:56 +0300] "POST /rentvilla/wp-admin/admin-ajax.php HTTP/1.0" 200 37 "https://h141281.s06.test-hf.su/rentvilla/contact-us/" "Mozilla/5.0 (Windows NT 10.0; Win64; x64) AppleWebKit/537.36 (KHTML, like Gecko) Chrome/78.0.3904.70 Safari/537.36"
188.163.44.231 - - [08/Nov/2019:14:58:00 +0300] "POST /rentvilla/wp-admin/admin-ajax.php?_fs_blog_admin=true HTTP/1.0" 200 47 "https://h141281.s06.test-hf.su/rentvilla/wp-admin/edit.php?post_type=page" "Mozilla/5.0 (Windows NT 10.0; Win64; x64) AppleWebKit/537.36 (KHTML, like Gecko) Chrome/78.0.3904.70 Safari/537.36"
188.163.44.231 - - [08/Nov/2019:14:58:08 +0300] "POST /rentvilla/wp-admin/admin-ajax.php?_fs_blog_admin=true HTTP/1.0" 200 47 "https://h141281.s06.test-hf.su/rentvilla/wp-admin/admin.php?page=homey_options&tab=70" "Mozilla/5.0 (Windows NT 10.0; Win64; x64) AppleWebKit/537.36 (KHTML, like Gecko) Chrome/78.0.3904.70 Safari/537.36"
188.163.44.231 - - [08/Nov/2019:14:58:43 +0300] "POST /rentvilla/wp-admin/admin-ajax.php?_fs_blog_admin=true HTTP/1.0" 200 47 "https://h141281.s06.test-hf.su/rentvilla/wp-admin/plugins.php" "Mozilla/5.0 (Windows NT 10.0; Win64; x64) AppleWebKit/537.36 (KHTML, like Gecko) Chrome/78.0.3904.70 Safari/537.36"
188.163.44.231 - - [08/Nov/2019:14:58:49 +0300] "POST /rentvilla/wp-admin/admin-ajax.php HTTP/1.0" 200 37 "https://h141281.s06.test-hf.su/rentvilla/city/park-city/" "Mozilla/5.0 (Windows NT 10.0; Win64; x64) AppleWebKit/537.36 (KHTML, like Gecko) Chrome/78.0.3904.70 Safari/537.36"
188.163.44.231 - - [08/Nov/2019:14:58:56 +0300] "POST /rentvilla/wp-admin/admin-ajax.php HTTP/1.0" 200 37 "https://h141281.s06.test-hf.su/rentvilla/contact-us/" "Mozilla/5.0 (Windows NT 10.0; Win64; x64) AppleWebKit/537.36 (KHTML, like Gecko) Chrome/78.0.3904.70 Safari/537.36"
188.163.44.231 - - [08/Nov/2019:14:59:40 +0300] "POST /rentvilla/wp-admin/admin-ajax.php?_fs_blog_admin=true HTTP/1.0" 200 47 "https://h141281.s06.test-hf.su/rentvilla/wp-admin/edit.php?post_type=page" "Mozilla/5.0 (Windows NT 10.0; Win64; x64) AppleWebKit/537.36 (KHTML, like Gecko) Chrome/78.0.3904.70 Safari/537.36"
188.163.44.231 - - [08/Nov/2019:14:59:43 +0300] "GET /rentvilla/wp-admin/edit.php?post_type=homey_invoice HTTP/1.0" 200 225842 "https://h141281.s06.test-hf.su/rentvilla/wp-admin/edit.php?post_type=page" "Mozilla/5.0 (Windows NT 10.0; Win64; x64) AppleWebKit/537.36 (KHTML, like Gecko) Chrome/78.0.3904.70 Safari/537.36"
188.163.44.231 - - [08/Nov/2019:14:59:46 +0300] "POST /rentvilla/wp-admin/admin-ajax.php?_fs_blog_admin=true HTTP/1.0" 200 47 "https://h141281.s06.test-hf.su/rentvilla/wp-admin/edit.php?post_type=homey_invoice" "Mozilla/5.0 (Windows NT 10.0; Win64; x64) AppleWebKit/537.36 (KHTML, like Gecko) Chrome/78.0.3904.70 Safari/537.36"
188.163.44.231 - - [08/Nov/2019:14:59:47 +0300] "GET /rentvilla/wp-admin/post-new.php?post_type=homey_invoice HTTP/1.0" 200 247331 "https://h141281.s06.test-hf.su/rentvilla/wp-admin/edit.php?post_type=homey_invoice" "Mozilla/5.0 (Windows NT 10.0; Win64; x64) AppleWebKit/537.36 (KHTML, like Gecko) Chrome/78.0.3904.70 Safari/537.36"
188.163.44.231 - - [08/Nov/2019:14:59:49 +0300] "POST /rentvilla/wp-admin/admin-ajax.php HTTP/1.0" 200 37 "https://h141281.s06.test-hf.su/rentvilla/city/park-city/" "Mozilla/5.0 (Windows NT 10.0; Win64; x64) AppleWebKit/537.36 (KHTML, like Gecko) Chrome/78.0.3904.70 Safari/537.36"
188.163.44.231 - - [08/Nov/2019:14:59:56 +0300] "POST /rentvilla/wp-admin/admin-ajax.php HTTP/1.0" 200 37 "https://h141281.s06.test-hf.su/rentvilla/contact-us/" "Mozilla/5.0 (Windows NT 10.0; Win64; x64) AppleWebKit/537.36 (KHTML, like Gecko) Chrome/78.0.3904.70 Safari/537.36"
188.163.44.231 - - [08/Nov/2019:15:00:06 +0300] "POST /rentvilla/wp-admin/admin-ajax.php?_fs_blog_admin=true HTTP/1.0" 200 155 "https://h141281.s06.test-hf.su/rentvilla/wp-admin/post-new.php?post_type=homey_invoice" "Mozilla/5.0 (Windows NT 10.0; Win64; x64) AppleWebKit/537.36 (KHTML, like Gecko) Chrome/78.0.3904.70 Safari/537.36"
188.163.44.231 - - [08/Nov/2019:15:00:09 +0300] "POST /rentvilla/wp-admin/admin-ajax.php?_fs_blog_admin=true HTTP/1.0" 200 104 "https://h141281.s06.test-hf.su/rentvilla/wp-admin/admin.php?page=homey_options&tab=70" "Mozilla/5.0 (Windows NT 10.0; Win64; x64) AppleWebKit/537.36 (KHTML, like Gecko) Chrome/78.0.3904.70 Safari/537.36"
188.163.44.231 - - [08/Nov/2019:15:00:43 +0300] "POST /rentvilla/wp-admin/admin-ajax.php?_fs_blog_admin=true HTTP/1.0" 200 104 "https://h141281.s06.test-hf.su/rentvilla/wp-admin/plugins.php" "Mozilla/5.0 (Windows NT 10.0; Win64; x64) AppleWebKit/537.36 (KHTML, like Gecko) Chrome/78.0.3904.70 Safari/537.36"
188.163.44.231 - - [08/Nov/2019:15:00:49 +0300] "POST /rentvilla/wp-admin/admin-ajax.php HTTP/1.0" 200 37 "https://h141281.s06.test-hf.su/rentvilla/city/park-city/" "Mozilla/5.0 (Windows NT 10.0; Win64; x64) AppleWebKit/537.36 (KHTML, like Gecko) Chrome/78.0.3904.70 Safari/537.36"
188.163.44.231 - - [08/Nov/2019:15:00:56 +0300] "POST /rentvilla/wp-admin/admin-ajax.php HTTP/1.0" 200 37 "https://h141281.s06.test-hf.su/rentvilla/contact-us/" "Mozilla/5.0 (Windows NT 10.0; Win64; x64) AppleWebKit/537.36 (KHTML, like Gecko) Chrome/78.0.3904.70 Safari/537.36"
188.163.44.231 - - [08/Nov/2019:15:01:49 +0300] "POST /rentvilla/wp-admin/admin-ajax.php HTTP/1.0" 200 37 "https://h141281.s06.test-hf.su/rentvilla/city/park-city/" "Mozilla/5.0 (Windows NT 10.0; Win64; x64) AppleWebKit/537.36 (KHTML, like Gecko) Chrome/78.0.3904.70 Safari/537.36"
188.163.44.231 - - [08/Nov/2019:15:01:56 +0300] "POST /rentvilla/wp-admin/admin-ajax.php HTTP/1.0" 200 37 "https://h141281.s06.test-hf.su/rentvilla/contact-us/" "Mozilla/5.0 (Windows NT 10.0; Win64; x64) AppleWebKit/537.36 (KHTML, like Gecko) Chrome/78.0.3904.70 Safari/537.36"
188.163.44.231 - - [08/Nov/2019:15:02:07 +0300] "POST /rentvilla/wp-admin/admin-ajax.php?_fs_blog_admin=true HTTP/1.0" 200 98 "https://h141281.s06.test-hf.su/rentvilla/wp-admin/post-new.php?post_type=homey_invoice" "Mozilla/5.0 (Windows NT 10.0; Win64; x64) AppleWebKit/537.36 (KHTML, like Gecko) Chrome/78.0.3904.70 Safari/537.36"
188.163.44.231 - - [08/Nov/2019:15:02:10 +0300] "POST /rentvilla/wp-admin/admin-ajax.php?_fs_blog_admin=true HTTP/1.0" 200 47 "https://h141281.s06.test-hf.su/rentvilla/wp-admin/admin.php?page=homey_options&tab=70" "Mozilla/5.0 (Windows NT 10.0; Win64; x64) AppleWebKit/537.36 (KHTML, like Gecko) Chrome/78.0.3904.70 Safari/537.36"
188.163.44.231 - - [08/Nov/2019:15:02:43 +0300] "POST /rentvilla/wp-admin/admin-ajax.php?_fs_blog_admin=true HTTP/1.0" 200 47 "https://h141281.s06.test-hf.su/rentvilla/wp-admin/plugins.php" "Mozilla/5.0 (Windows NT 10.0; Win64; x64) AppleWebKit/537.36 (KHTML, like Gecko) Chrome/78.0.3904.70 Safari/537.36"
188.163.44.231 - - [08/Nov/2019:15:02:49 +0300] "POST /rentvilla/wp-admin/admin-ajax.php HTTP/1.0" 200 37 "https://h141281.s06.test-hf.su/rentvilla/city/park-city/" "Mozilla/5.0 (Windows NT 10.0; Win64; x64) AppleWebKit/537.36 (KHTML, like Gecko) Chrome/78.0.3904.70 Safari/537.36"
188.163.44.231 - - [08/Nov/2019:15:02:56 +0300] "POST /rentvilla/wp-admin/admin-ajax.php HTTP/1.0" 200 37 "https://h141281.s06.test-hf.su/rentvilla/contact-us/" "Mozilla/5.0 (Windows NT 10.0; Win64; x64) AppleWebKit/537.36 (KHTML, like Gecko) Chrome/78.0.3904.70 Safari/537.36"
188.163.44.231 - - [08/Nov/2019:15:03:49 +0300] "POST /rentvilla/wp-admin/admin-ajax.php HTTP/1.0" 200 37 "https://h141281.s06.test-hf.su/rentvilla/city/park-city/" "Mozilla/5.0 (Windows NT 10.0; Win64; x64) AppleWebKit/537.36 (KHTML, like Gecko) Chrome/78.0.3904.70 Safari/537.36"
188.163.44.231 - - [08/Nov/2019:15:03:56 +0300] "POST /rentvilla/wp-admin/admin-ajax.php HTTP/1.0" 200 37 "https://h141281.s06.test-hf.su/rentvilla/contact-us/" "Mozilla/5.0 (Windows NT 10.0; Win64; x64) AppleWebKit/537.36 (KHTML, like Gecko) Chrome/78.0.3904.70 Safari/537.36"
188.163.44.231 - - [08/Nov/2019:15:04:07 +0300] "POST /rentvilla/wp-admin/admin-ajax.php?_fs_blog_admin=true HTTP/1.0" 200 98 "https://h141281.s06.test-hf.su/rentvilla/wp-admin/post-new.php?post_type=homey_invoice" "Mozilla/5.0 (Windows NT 10.0; Win64; x64) AppleWebKit/537.36 (KHTML, like Gecko) Chrome/78.0.3904.70 Safari/537.36"
188.163.44.231 - - [08/Nov/2019:15:04:11 +0300] "POST /rentvilla/wp-admin/admin-ajax.php?_fs_blog_admin=true HTTP/1.0" 200 47 "https://h141281.s06.test-hf.su/rentvilla/wp-admin/admin.php?page=homey_options&tab=70" "Mozilla/5.0 (Windows NT 10.0; Win64; x64) AppleWebKit/537.36 (KHTML, like Gecko) Chrome/78.0.3904.70 Safari/537.36"
188.163.44.231 - - [08/Nov/2019:15:04:38 +0300] "POST /rentvilla/wp-admin/admin-ajax.php?_fs_blog_admin=true HTTP/1.0" 200 98 "https://h141281.s06.test-hf.su/rentvilla/wp-admin/post-new.php?post_type=homey_invoice" "Mozilla/5.0 (Windows NT 10.0; Win64; x64) AppleWebKit/537.36 (KHTML, like Gecko) Chrome/78.0.3904.70 Safari/537.36"
188.163.44.231 - - [08/Nov/2019:15:04:42 +0300] "GET /rentvilla/wp-admin/edit.php?post_type=page HTTP/1.0" 200 244432 "https://h141281.s06.test-hf.su/rentvilla/wp-admin/post-new.php?post_type=homey_invoice" "Mozilla/5.0 (Windows NT 10.0; Win64; x64) AppleWebKit/537.36 (KHTML, like Gecko) Chrome/78.0.3904.70 Safari/537.36"
188.163.44.231 - - [08/Nov/2019:15:04:43 +0300] "POST /rentvilla/wp-admin/admin-ajax.php?_fs_blog_admin=true HTTP/1.0" 200 47 "https://h141281.s06.test-hf.su/rentvilla/wp-admin/plugins.php" "Mozilla/5.0 (Windows NT 10.0; Win64; x64) AppleWebKit/537.36 (KHTML, like Gecko) Chrome/78.0.3904.70 Safari/537.36"
188.163.44.231 - - [08/Nov/2019:15:04:44 +0300] "POST /rentvilla/wp-admin/admin-ajax.php?_fs_blog_admin=true HTTP/1.0" 200 47 "https://h141281.s06.test-hf.su/rentvilla/wp-admin/edit.php?post_type=page" "Mozilla/5.0 (Windows NT 10.0; Win64; x64) AppleWebKit/537.36 (KHTML, like Gecko) Chrome/78.0.3904.70 Safari/537.36"
188.163.44.231 - - [08/Nov/2019:15:04:48 +0300] "GET /rentvilla/add-listing/ HTTP/1.0" 200 260802 "https://h141281.s06.test-hf.su/rentvilla/wp-admin/edit.php?post_type=page" "Mozilla/5.0 (Windows NT 10.0; Win64; x64) AppleWebKit/537.36 (KHTML, like Gecko) Chrome/78.0.3904.70 Safari/537.36"
188.163.44.231 - - [08/Nov/2019:15:04:49 +0300] "POST /rentvilla/wp-admin/admin-ajax.php HTTP/1.0" 200 37 "https://h141281.s06.test-hf.su/rentvilla/city/park-city/" "Mozilla/5.0 (Windows NT 10.0; Win64; x64) AppleWebKit/537.36 (KHTML, like Gecko) Chrome/78.0.3904.70 Safari/537.36"
188.163.44.231 - - [08/Nov/2019:15:04:49 +0300] "GET /rentvilla/wp-content/themes/homey/js/jquery.validate.min.js?ver=1.15.0 HTTP/1.1" 200 22899 "https://h141281.s06.test-hf.su/rentvilla/add-listing/" "Mozilla/5.0 (Windows NT 10.0; Win64; x64) AppleWebKit/537.36 (KHTML, like Gecko) Chrome/78.0.3904.70 Safari/537.36"
188.163.44.231 - - [08/Nov/2019:15:04:49 +0300] "GET /rentvilla/wp-content/themes/homey/js/bootbox.min.js?ver=4.4.0 HTTP/1.1" 200 9972 "https://h141281.s06.test-hf.su/rentvilla/add-listing/" "Mozilla/5.0 (Windows NT 10.0; Win64; x64) AppleWebKit/537.36 (KHTML, like Gecko) Chrome/78.0.3904.70 Safari/537.36"
188.163.44.231 - - [08/Nov/2019:15:04:50 +0300] "GET /rentvilla/wp-content/themes/homey/js/homey-profile.js?ver=1.4.2.1 HTTP/1.1" 200 21511 "https://h141281.s06.test-hf.su/rentvilla/add-listing/" "Mozilla/5.0 (Windows NT 10.0; Win64; x64) AppleWebKit/537.36 (KHTML, like Gecko) Chrome/78.0.3904.70 Safari/537.36"
188.163.44.231 - - [08/Nov/2019:15:04:50 +0300] "GET /rentvilla/wp-content/themes/homey/js/homey-listing.js?ver=1.4.2.1 HTTP/1.1" 200 103841 "https://h141281.s06.test-hf.su/rentvilla/add-listing/" "Mozilla/5.0 (Windows NT 10.0; Win64; x64) AppleWebKit/537.36 (KHTML, like Gecko) Chrome/78.0.3904.70 Safari/537.36"
188.163.44.231 - - [08/Nov/2019:15:04:50 +0300] "POST /rentvilla/wp-admin/admin-ajax.php HTTP/1.0" 200 37 "https://h141281.s06.test-hf.su/rentvilla/add-listing/" "Mozilla/5.0 (Windows NT 10.0; Win64; x64) AppleWebKit/537.36 (KHTML, like Gecko) Chrome/78.0.3904.70 Safari/537.36"
188.163.44.231 - - [08/Nov/2019:15:05:00 +0300] "POST /rentvilla/wp-admin/admin-ajax.php?_fs_blog_admin=true HTTP/1.0" 200 47 "https://h141281.s06.test-hf.su/rentvilla/wp-admin/edit.php?post_type=page" "Mozilla/5.0 (Windows NT 10.0; Win64; x64) AppleWebKit/537.36 (KHTML, like Gecko) Chrome/78.0.3904.70 Safari/537.36"
188.163.44.231 - - [08/Nov/2019:15:05:50 +0300] "POST /rentvilla/wp-admin/admin-ajax.php HTTP/1.0" 200 37 "https://h141281.s06.test-hf.su/rentvilla/add-listing/" "Mozilla/5.0 (Windows NT 10.0; Win64; x64) AppleWebKit/537.36 (KHTML, like Gecko) Chrome/78.0.3904.70 Safari/537.36"
188.163.44.231 - - [08/Nov/2019:15:06:44 +0300] "POST /rentvilla/wp-admin/admin-ajax.php?_fs_blog_admin=true HTTP/1.0" 200 47 "https://h141281.s06.test-hf.su/rentvilla/wp-admin/plugins.php" "Mozilla/5.0 (Windows NT 10.0; Win64; x64) AppleWebKit/537.36 (KHTML, like Gecko) Chrome/78.0.3904.70 Safari/537.36"
188.163.44.231 - - [08/Nov/2019:15:06:51 +0300] "POST /rentvilla/wp-admin/admin-ajax.php HTTP/1.0" 200 37 "https://h141281.s06.test-hf.su/rentvilla/add-listing/" "Mozilla/5.0 (Windows NT 10.0; Win64; x64) AppleWebKit/537.36 (KHTML, like Gecko) Chrome/78.0.3904.70 Safari/537.36"
188.163.44.231 - - [08/Nov/2019:15:07:01 +0300] "POST /rentvilla/wp-admin/admin-ajax.php?_fs_blog_admin=true HTTP/1.0" 200 47 "https://h141281.s06.test-hf.su/rentvilla/wp-admin/edit.php?post_type=page" "Mozilla/5.0 (Windows NT 10.0; Win64; x64) AppleWebKit/537.36 (KHTML, like Gecko) Chrome/78.0.3904.70 Safari/537.36"
188.163.44.231 - - [08/Nov/2019:15:07:51 +0300] "POST /rentvilla/wp-admin/admin-ajax.php?_fs_blog_admin=true HTTP/1.0" 200 47 "https://h141281.s06.test-hf.su/rentvilla/wp-admin/edit.php?post_type=page" "Mozilla/5.0 (Windows NT 10.0; Win64; x64) AppleWebKit/537.36 (KHTML, like Gecko) Chrome/78.0.3904.70 Safari/537.36"
188.163.44.231 - - [08/Nov/2019:15:07:51 +0300] "POST /rentvilla/wp-admin/admin-ajax.php HTTP/1.0" 200 37 "https://h141281.s06.test-hf.su/rentvilla/add-listing/" "Mozilla/5.0 (Windows NT 10.0; Win64; x64) AppleWebKit/537.36 (KHTML, like Gecko) Chrome/78.0.3904.70 Safari/537.36"
91.227.16.116 - - [08/Nov/2019:15:08:00 +0300] "POST /rentvilla/wp-cron.php?doing_wp_cron=1573214880.1332199573516845703125 HTTP/1.0" 200 - "https://h141281.s06.test-hf.su/rentvilla/wp-cron.php?doing_wp_cron=1573214880.1332199573516845703125" "WordPress/5.2.4; https://h141281.s06.test-hf.su/rentvilla"
188.163.44.231 - - [08/Nov/2019:15:07:59 +0300] "GET /rentvilla/ HTTP/1.0" 200 294554 "https://h141281.s06.test-hf.su/rentvilla/add-listing/" "Mozilla/5.0 (Windows NT 10.0; Win64; x64) AppleWebKit/537.36 (KHTML, like Gecko) Chrome/78.0.3904.70 Safari/537.36"
188.163.44.231 - - [08/Nov/2019:15:08:02 +0300] "GET /rentvilla/wp-content/uploads/2018/10/Frame-2-450x300.png HTTP/1.1" 304 0 "https://h141281.s06.test-hf.su/rentvilla/" "Mozilla/5.0 (Windows NT 10.0; Win64; x64) AppleWebKit/537.36 (KHTML, like Gecko) Chrome/78.0.3904.70 Safari/537.36"
188.163.44.231 - - [08/Nov/2019:15:08:02 +0300] "GET /rentvilla/wp-content/themes/homey/images/instagram.png HTTP/1.1" 304 0 "https://h141281.s06.test-hf.su/rentvilla/wp-content/themes/homey/css/main.css?ver=1.4.2.1" "Mozilla/5.0 (Windows NT 10.0; Win64; x64) AppleWebKit/537.36 (KHTML, like Gecko) Chrome/78.0.3904.70 Safari/537.36"
188.163.44.231 - - [08/Nov/2019:15:08:02 +0300] "GET /rentvilla/wp-content/themes/homey/images/youtube.png HTTP/1.1" 304 0 "https://h141281.s06.test-hf.su/rentvilla/wp-content/themes/homey/css/main.css?ver=1.4.2.1" "Mozilla/5.0 (Windows NT 10.0; Win64; x64) AppleWebKit/537.36 (KHTML, like Gecko) Chrome/78.0.3904.70 Safari/537.36"
188.163.44.231 - - [08/Nov/2019:15:08:02 +0300] "GET /rentvilla/wp-content/themes/homey/images/facebook.png HTTP/1.1" 304 0 "https://h141281.s06.test-hf.su/rentvilla/wp-content/themes/homey/css/main.css?ver=1.4.2.1" "Mozilla/5.0 (Windows NT 10.0; Win64; x64) AppleWebKit/537.36 (KHTML, like Gecko) Chrome/78.0.3904.70 Safari/537.36"
188.163.44.231 - - [08/Nov/2019:15:08:02 +0300] "POST /rentvilla/wp-admin/admin-ajax.php HTTP/1.0" 200 37 "https://h141281.s06.test-hf.su/rentvilla/" "Mozilla/5.0 (Windows NT 10.0; Win64; x64) AppleWebKit/537.36 (KHTML, like Gecko) Chrome/78.0.3904.70 Safari/537.36"
188.163.44.231 - - [08/Nov/2019:15:08:05 +0300] "POST /rentvilla/wp-admin/admin-ajax.php HTTP/1.0" 200 37 "https://h141281.s06.test-hf.su/rentvilla/add-listing/" "Mozilla/5.0 (Windows NT 10.0; Win64; x64) AppleWebKit/537.36 (KHTML, like Gecko) Chrome/78.0.3904.70 Safari/537.36"
188.163.44.231 - - [08/Nov/2019:15:08:44 +0300] "POST /rentvilla/wp-admin/admin-ajax.php?_fs_blog_admin=true HTTP/1.0" 200 47 "https://h141281.s06.test-hf.su/rentvilla/wp-admin/plugins.php" "Mozilla/5.0 (Windows NT 10.0; Win64; x64) AppleWebKit/537.36 (KHTML, like Gecko) Chrome/78.0.3904.70 Safari/537.36"
188.163.44.231 - - [08/Nov/2019:15:08:56 +0300] "POST /rentvilla/wp-admin/admin-ajax.php?_fs_blog_admin=true HTTP/1.0" 200 47 "https://h141281.s06.test-hf.su/rentvilla/wp-admin/admin.php?page=homey_options&tab=70" "Mozilla/5.0 (Windows NT 10.0; Win64; x64) AppleWebKit/537.36 (KHTML, like Gecko) Chrome/78.0.3904.70 Safari/537.36"
188.163.44.231 - - [08/Nov/2019:15:09:02 +0300] "GET /rentvilla/ HTTP/1.0" 200 294554 "https://h141281.s06.test-hf.su/rentvilla/wp-admin/admin.php?page=homey_options&tab=70" "Mozilla/5.0 (Windows NT 10.0; Win64; x64) AppleWebKit/537.36 (KHTML, like Gecko) Chrome/78.0.3904.70 Safari/537.36"
46.164.156.66 - - [08/Nov/2019:15:09:05 +0300] "GET /rentvilla/city/miami/ HTTP/1.0" 200 220380 "-" "Mozilla/5.0 (Windows NT 10.0; Win64; x64) AppleWebKit/537.36 (KHTML, like Gecko) Chrome/77.0.3865.120 Safari/537.36"
188.163.44.231 - - [08/Nov/2019:15:09:05 +0300] "POST /rentvilla/wp-admin/admin-ajax.php HTTP/1.0" 200 37 "https://h141281.s06.test-hf.su/rentvilla/listing/villa-sublime/" "Mozilla/5.0 (Windows NT 10.0; Win64; x64) AppleWebKit/537.36 (KHTML, like Gecko) Chrome/78.0.3904.70 Safari/537.36"
46.164.156.66 - - [08/Nov/2019:15:09:06 +0300] "GET /rentvilla/wp-includes/css/dashicons.css?ver=5.2.4 HTTP/1.1" 200 29094 "https://h141281.s06.test-hf.su/rentvilla/city/miami/" "Mozilla/5.0 (Windows NT 10.0; Win64; x64) AppleWebKit/537.36 (KHTML, like Gecko) Chrome/77.0.3865.120 Safari/537.36"
46.164.156.66 - - [08/Nov/2019:15:09:06 +0300] "GET /rentvilla/wp-includes/css/admin-bar.css?ver=5.2.4 HTTP/1.1" 200 5238 "https://h141281.s06.test-hf.su/rentvilla/city/miami/" "Mozilla/5.0 (Windows NT 10.0; Win64; x64) AppleWebKit/537.36 (KHTML, like Gecko) Chrome/77.0.3865.120 Safari/537.36"
46.164.156.66 - - [08/Nov/2019:15:09:06 +0300] "GET /rentvilla/wp-content/plugins/contact-form-7/includes/css/styles.css?ver=5.1.4 HTTP/1.1" 200 664 "https://h141281.s06.test-hf.su/rentvilla/city/miami/" "Mozilla/5.0 (Windows NT 10.0; Win64; x64) AppleWebKit/537.36 (KHTML, like Gecko) Chrome/77.0.3865.120 Safari/537.36"
46.164.156.66 - - [08/Nov/2019:15:09:06 +0300] "GET /rentvilla/wp-includes/css/dist/block-library/style.css?ver=5.2.4 HTTP/1.1" 200 5914 "https://h141281.s06.test-hf.su/rentvilla/city/miami/" "Mozilla/5.0 (Windows NT 10.0; Win64; x64) AppleWebKit/537.36 (KHTML, like Gecko) Chrome/77.0.3865.120 Safari/537.36"
46.164.156.66 - - [08/Nov/2019:15:09:06 +0300] "GET /rentvilla/wp-content/plugins/mega-addons-for-visual-composer/css/style.css?ver=5.2.4 HTTP/1.1" 200 596 "https://h141281.s06.test-hf.su/rentvilla/city/miami/" "Mozilla/5.0 (Windows NT 10.0; Win64; x64) AppleWebKit/537.36 (KHTML, like Gecko) Chrome/77.0.3865.120 Safari/537.36"
46.164.156.66 - - [08/Nov/2019:15:09:06 +0300] "GET /rentvilla/wp-content/themes/homey/style.css?ver=5.2.4 HTTP/1.1" 200 2434 "https://h141281.s06.test-hf.su/rentvilla/city/miami/" "Mozilla/5.0 (Windows NT 10.0; Win64; x64) AppleWebKit/537.36 (KHTML, like Gecko) Chrome/77.0.3865.120 Safari/537.36"
46.164.156.66 - - [08/Nov/2019:15:09:06 +0300] "GET /rentvilla/wp-content/plugins/revslider/public/assets/css/rs6.css?ver=6.1.0 HTTP/1.1" 200 11844 "https://h141281.s06.test-hf.su/rentvilla/city/miami/" "Mozilla/5.0 (Windows NT 10.0; Win64; x64) AppleWebKit/537.36 (KHTML, like Gecko) Chrome/77.0.3865.120 Safari/537.36"
46.164.156.66 - - [08/Nov/2019:15:09:06 +0300] "GET /rentvilla/wp-content/plugins/mega-addons-for-visual-composer/css/font-awesome/css/font-awesome.css?ver=5.2.4 HTTP/1.1" 200 7498 "https://h141281.s06.test-hf.su/rentvilla/city/miami/" "Mozilla/5.0 (Windows NT 10.0; Win64; x64) AppleWebKit/537.36 (KHTML, like Gecko) Chrome/77.0.3865.120 Safari/537.36"
46.164.156.66 - - [08/Nov/2019:15:09:06 +0300] "GET /rentvilla/wp-content/themes/homey-child/style.css?ver=5.2.4 HTTP/1.1" 200 321 "https://h141281.s06.test-hf.su/rentvilla/city/miami/" "Mozilla/5.0 (Windows NT 10.0; Win64; x64) AppleWebKit/537.36 (KHTML, like Gecko) Chrome/77.0.3865.120 Safari/537.36"
46.164.156.66 - - [08/Nov/2019:15:09:06 +0300] "GET /rentvilla/wp-content/themes/homey/css/bootstrap.min.css?ver=3.3.7 HTTP/1.1" 200 20008 "https://h141281.s06.test-hf.su/rentvilla/city/miami/" "Mozilla/5.0 (Windows NT 10.0; Win64; x64) AppleWebKit/537.36 (KHTML, like Gecko) Chrome/77.0.3865.120 Safari/537.36"
46.164.156.66 - - [08/Nov/2019:15:09:06 +0300] "GET /rentvilla/wp-content/plugins/mega-addons-for-visual-composer/css/ihover.css?ver=5.2.4 HTTP/1.1" 200 77479 "https://h141281.s06.test-hf.su/rentvilla/city/miami/" "Mozilla/5.0 (Windows NT 10.0; Win64; x64) AppleWebKit/537.36 (KHTML, like Gecko) Chrome/77.0.3865.120 Safari/537.36"
46.164.156.66 - - [08/Nov/2019:15:09:06 +0300] "GET /rentvilla/wp-content/themes/homey/css/bootstrap-select.min.css?ver=1.7.2 HTTP/1.1" 200 2177 "https://h141281.s06.test-hf.su/rentvilla/city/miami/" "Mozilla/5.0 (Windows NT 10.0; Win64; x64) AppleWebKit/537.36 (KHTML, like Gecko) Chrome/77.0.3865.120 Safari/537.36"
46.164.156.66 - - [08/Nov/2019:15:09:06 +0300] "GET /rentvilla/wp-content/themes/homey/css/swipebox.min.css?ver=1.3.0 HTTP/1.1" 200 1236 "https://h141281.s06.test-hf.su/rentvilla/city/miami/" "Mozilla/5.0 (Windows NT 10.0; Win64; x64) AppleWebKit/537.36 (KHTML, like Gecko) Chrome/77.0.3865.120 Safari/537.36"
46.164.156.66 - - [08/Nov/2019:15:09:06 +0300] "GET /rentvilla/wp-content/themes/homey/css/slick.css?ver=1.0.0 HTTP/1.1" 200 579 "https://h141281.s06.test-hf.su/rentvilla/city/miami/" "Mozilla/5.0 (Windows NT 10.0; Win64; x64) AppleWebKit/537.36 (KHTML, like Gecko) Chrome/77.0.3865.120 Safari/537.36"
46.164.156.66 - - [08/Nov/2019:15:09:06 +0300] "GET /rentvilla/wp-content/plugins/js_composer/assets/lib/bower/font-awesome/css/font-awesome.min.css?ver=6.0.5 HTTP/1.1" 200 7034 "https://h141281.s06.test-hf.su/rentvilla/city/miami/" "Mozilla/5.0 (Windows NT 10.0; Win64; x64) AppleWebKit/537.36 (KHTML, like Gecko) Chrome/77.0.3865.120 Safari/537.36"
46.164.156.66 - - [08/Nov/2019:15:09:06 +0300] "GET /rentvilla/wp-content/themes/homey/css/slick-theme.css?ver=1.0.0 HTTP/1.1" 200 894 "https://h141281.s06.test-hf.su/rentvilla/city/miami/" "Mozilla/5.0 (Windows NT 10.0; Win64; x64) AppleWebKit/537.36 (KHTML, like Gecko) Chrome/77.0.3865.120 Safari/537.36"
46.164.156.66 - - [08/Nov/2019:15:09:06 +0300] "GET /rentvilla/wp-content/themes/homey/css/jquery-ui.css?ver=1.12.0 HTTP/1.1" 200 8474 "https://h141281.s06.test-hf.su/rentvilla/city/miami/" "Mozilla/5.0 (Windows NT 10.0; Win64; x64) AppleWebKit/537.36 (KHTML, like Gecko) Chrome/77.0.3865.120 Safari/537.36"
46.164.156.66 - - [08/Nov/2019:15:09:06 +0300] "GET /rentvilla/wp-content/themes/homey/css/radio-checkbox.css?ver=1.0.0 HTTP/1.1" 200 786 "https://h141281.s06.test-hf.su/rentvilla/city/miami/" "Mozilla/5.0 (Windows NT 10.0; Win64; x64) AppleWebKit/537.36 (KHTML, like Gecko) Chrome/77.0.3865.120 Safari/537.36"
46.164.156.66 - - [08/Nov/2019:15:09:06 +0300] "GET /rentvilla/wp-content/themes/homey/css/styling-options.css?ver=1.4.2.1 HTTP/1.1" 200 3142 "https://h141281.s06.test-hf.su/rentvilla/city/miami/" "Mozilla/5.0 (Windows NT 10.0; Win64; x64) AppleWebKit/537.36 (KHTML, like Gecko) Chrome/77.0.3865.120 Safari/537.36"
46.164.156.66 - - [08/Nov/2019:15:09:06 +0300] "GET /rentvilla/wp-content/themes/homey-child/style.css?ver=1.4.2.1 HTTP/1.1" 200 321 "https://h141281.s06.test-hf.su/rentvilla/city/miami/" "Mozilla/5.0 (Windows NT 10.0; Win64; x64) AppleWebKit/537.36 (KHTML, like Gecko) Chrome/77.0.3865.120 Safari/537.36"
46.164.156.66 - - [08/Nov/2019:15:09:06 +0300] "GET /rentvilla/wp-content/themes/homey/css/main.css?ver=1.4.2.1 HTTP/1.1" 200 50532 "https://h141281.s06.test-hf.su/rentvilla/city/miami/" "Mozilla/5.0 (Windows NT 10.0; Win64; x64) AppleWebKit/537.36 (KHTML, like Gecko) Chrome/77.0.3865.120 Safari/537.36"
46.164.156.66 - - [08/Nov/2019:15:09:06 +0300] "GET /rentvilla/wp-includes/js/jquery/jquery-migrate.js?ver=1.4.1 HTTP/1.1" 200 23497 "https://h141281.s06.test-hf.su/rentvilla/city/miami/" "Mozilla/5.0 (Windows NT 10.0; Win64; x64) AppleWebKit/537.36 (KHTML, like Gecko) Chrome/77.0.3865.120 Safari/537.36"
46.164.156.66 - - [08/Nov/2019:15:09:06 +0300] "GET /rentvilla/wp-includes/js/jquery/ui/core.min.js?ver=1.11.4 HTTP/1.1" 200 4000 "https://h141281.s06.test-hf.su/rentvilla/city/miami/" "Mozilla/5.0 (Windows NT 10.0; Win64; x64) AppleWebKit/537.36 (KHTML, like Gecko) Chrome/77.0.3865.120 Safari/537.36"
46.164.156.66 - - [08/Nov/2019:15:09:06 +0300] "GET /rentvilla/wp-content/plugins/mega-addons-for-visual-composer/js/script.js?ver=5.2.4 HTTP/1.1" 200 3100 "https://h141281.s06.test-hf.su/rentvilla/city/miami/" "Mozilla/5.0 (Windows NT 10.0; Win64; x64) AppleWebKit/537.36 (KHTML, like Gecko) Chrome/77.0.3865.120 Safari/537.36"
46.164.156.66 - - [08/Nov/2019:15:09:06 +0300] "GET /rentvilla/wp-includes/js/jquery/jquery.js?ver=1.12.4-wp HTTP/1.1" 200 96873 "https://h141281.s06.test-hf.su/rentvilla/city/miami/" "Mozilla/5.0 (Windows NT 10.0; Win64; x64) AppleWebKit/537.36 (KHTML, like Gecko) Chrome/77.0.3865.120 Safari/537.36"
46.164.156.66 - - [08/Nov/2019:15:09:07 +0300] "GET /rentvilla/wp-content/themes/homey/js/infobox_packed.js?ver=1.1.19 HTTP/1.1" 200 9628 "https://h141281.s06.test-hf.su/rentvilla/city/miami/" "Mozilla/5.0 (Windows NT 10.0; Win64; x64) AppleWebKit/537.36 (KHTML, like Gecko) Chrome/77.0.3865.120 Safari/537.36"
46.164.156.66 - - [08/Nov/2019:15:09:07 +0300] "GET /rentvilla/wp-content/uploads/2019/10/logo.png HTTP/1.1" 200 5617 "https://h141281.s06.test-hf.su/rentvilla/city/miami/" "Mozilla/5.0 (Windows NT 10.0; Win64; x64) AppleWebKit/537.36 (KHTML, like Gecko) Chrome/77.0.3865.120 Safari/537.36"
46.164.156.66 - - [08/Nov/2019:15:09:07 +0300] "GET /rentvilla/wp-content/themes/homey/images/avatar.png HTTP/1.1" 304 0 "https://h141281.s06.test-hf.su/rentvilla/city/miami/" "Mozilla/5.0 (Windows NT 10.0; Win64; x64) AppleWebKit/537.36 (KHTML, like Gecko) Chrome/77.0.3865.120 Safari/537.36"
188.163.44.231 - - [08/Nov/2019:15:09:06 +0300] "POST /rentvilla/wp-admin/admin-ajax.php HTTP/1.0" 200 37 "https://h141281.s06.test-hf.su/rentvilla/" "Mozilla/5.0 (Windows NT 10.0; Win64; x64) AppleWebKit/537.36 (KHTML, like Gecko) Chrome/78.0.3904.70 Safari/537.36"
46.164.156.66 - - [08/Nov/2019:15:09:07 +0300] "GET /rentvilla/wp-content/plugins/revslider/public/assets/js/revolution.tools.min.js?ver=6.0 HTTP/1.1" 200 150436 "https://h141281.s06.test-hf.su/rentvilla/city/miami/" "Mozilla/5.0 (Windows NT 10.0; Win64; x64) AppleWebKit/537.36 (KHTML, like Gecko) Chrome/77.0.3865.120 Safari/537.36"
46.164.156.66 - - [08/Nov/2019:15:09:07 +0300] "GET /rentvilla/wp-includes/js/admin-bar.js?ver=5.2.4 HTTP/1.1" 200 15589 "https://h141281.s06.test-hf.su/rentvilla/city/miami/" "Mozilla/5.0 (Windows NT 10.0; Win64; x64) AppleWebKit/537.36 (KHTML, like Gecko) Chrome/77.0.3865.120 Safari/537.36"
46.164.156.66 - - [08/Nov/2019:15:09:07 +0300] "GET /rentvilla/wp-content/plugins/contact-form-7/includes/js/scripts.js?ver=5.1.4 HTTP/1.1" 200 14440 "https://h141281.s06.test-hf.su/rentvilla/city/miami/" "Mozilla/5.0 (Windows NT 10.0; Win64; x64) AppleWebKit/537.36 (KHTML, like Gecko) Chrome/77.0.3865.120 Safari/537.36"
46.164.156.66 - - [08/Nov/2019:15:09:07 +0300] "GET /rentvilla/wp-content/themes/homey/js/modernizr.custom.js?ver=3.2.0 HTTP/1.1" 200 14947 "https://h141281.s06.test-hf.su/rentvilla/city/miami/" "Mozilla/5.0 (Windows NT 10.0; Win64; x64) AppleWebKit/537.36 (KHTML, like Gecko) Chrome/77.0.3865.120 Safari/537.36"
46.164.156.66 - - [08/Nov/2019:15:09:07 +0300] "GET /rentvilla/wp-content/plugins/revslider/public/assets/js/rs6.min.js?ver=6.1.0 HTTP/1.1" 200 266921 "https://h141281.s06.test-hf.su/rentvilla/city/miami/" "Mozilla/5.0 (Windows NT 10.0; Win64; x64) AppleWebKit/537.36 (KHTML, like Gecko) Chrome/77.0.3865.120 Safari/537.36"
46.164.156.66 - - [08/Nov/2019:15:09:07 +0300] "GET /rentvilla/wp-includes/js/dist/vendor/moment.js?ver=2.22.2 HTTP/1.1" 200 146860 "https://h141281.s06.test-hf.su/rentvilla/city/miami/" "Mozilla/5.0 (Windows NT 10.0; Win64; x64) AppleWebKit/537.36 (KHTML, like Gecko) Chrome/77.0.3865.120 Safari/537.36"
46.164.156.66 - - [08/Nov/2019:15:09:07 +0300] "GET /rentvilla/wp-content/themes/homey/js/slick.min.js?ver=1.0.0 HTTP/1.1" 200 42863 "https://h141281.s06.test-hf.su/rentvilla/city/miami/" "Mozilla/5.0 (Windows NT 10.0; Win64; x64) AppleWebKit/537.36 (KHTML, like Gecko) Chrome/77.0.3865.120 Safari/537.36"
46.164.156.66 - - [08/Nov/2019:15:09:07 +0300] "GET /rentvilla/wp-content/themes/homey/js/bootstrap.min.js?ver=3.3.7 HTTP/1.1" 200 37321 "https://h141281.s06.test-hf.su/rentvilla/city/miami/" "Mozilla/5.0 (Windows NT 10.0; Win64; x64) AppleWebKit/537.36 (KHTML, like Gecko) Chrome/77.0.3865.120 Safari/537.36"
46.164.156.66 - - [08/Nov/2019:15:09:07 +0300] "GET /rentvilla/wp-content/themes/homey/js/bootstrap-select.min.js?ver=1.12.4 HTTP/1.1" 200 33379 "https://h141281.s06.test-hf.su/rentvilla/city/miami/" "Mozilla/5.0 (Windows NT 10.0; Win64; x64) AppleWebKit/537.36 (KHTML, like Gecko) Chrome/77.0.3865.120 Safari/537.36"
46.164.156.66 - - [08/Nov/2019:15:09:07 +0300] "GET /rentvilla/wp-content/themes/homey/js/jquery.swipebox.min.js?ver=1.4.4 HTTP/1.1" 200 12959 "https://h141281.s06.test-hf.su/rentvilla/city/miami/" "Mozilla/5.0 (Windows NT 10.0; Win64; x64) AppleWebKit/537.36 (KHTML, like Gecko) Chrome/77.0.3865.120 Safari/537.36"
46.164.156.66 - - [08/Nov/2019:15:09:08 +0300] "GET /rentvilla/wp-content/themes/homey/js/bootstrap-slider.min.js?ver=10.0.2 HTTP/1.1" 200 34820 "https://h141281.s06.test-hf.su/rentvilla/city/miami/" "Mozilla/5.0 (Windows NT 10.0; Win64; x64) AppleWebKit/537.36 (KHTML, like Gecko) Chrome/77.0.3865.120 Safari/537.36"
46.164.156.66 - - [08/Nov/2019:15:09:08 +0300] "GET /rentvilla/wp-content/themes/homey/js/parallax-background.min.js?ver=1.2 HTTP/1.1" 200 5600 "https://h141281.s06.test-hf.su/rentvilla/city/miami/" "Mozilla/5.0 (Windows NT 10.0; Win64; x64) AppleWebKit/537.36 (KHTML, like Gecko) Chrome/77.0.3865.120 Safari/537.36"
46.164.156.66 - - [08/Nov/2019:15:09:08 +0300] "GET /rentvilla/wp-content/plugins/js_composer/assets/lib/bower/font-awesome/fonts/fontawesome-webfont.woff2?v=4.7.0 HTTP/1.0" 200 77160 "https://h141281.s06.test-hf.su/rentvilla/wp-content/plugins/js_composer/assets/lib/bower/font-awesome/css/font-awesome.min.css?ver=6.0.5" "Mozilla/5.0 (Windows NT 10.0; Win64; x64) AppleWebKit/537.36 (KHTML, like Gecko) Chrome/77.0.3865.120 Safari/537.36"
46.164.156.66 - - [08/Nov/2019:15:09:08 +0300] "GET /rentvilla/wp-content/themes/homey/js/jquery.matchHeight-min.js?ver=0.7.2 HTTP/1.1" 200 3380 "https://h141281.s06.test-hf.su/rentvilla/city/miami/" "Mozilla/5.0 (Windows NT 10.0; Win64; x64) AppleWebKit/537.36 (KHTML, like Gecko) Chrome/77.0.3865.120 Safari/537.36"
46.164.156.66 - - [08/Nov/2019:15:09:08 +0300] "GET /rentvilla/wp-content/themes/homey/js/jquery.vide.min.js?ver=0.5.1 HTTP/1.1" 200 4489 "https://h141281.s06.test-hf.su/rentvilla/city/miami/" "Mozilla/5.0 (Windows NT 10.0; Win64; x64) AppleWebKit/537.36 (KHTML, like Gecko) Chrome/77.0.3865.120 Safari/537.36"
46.164.156.66 - - [08/Nov/2019:15:09:08 +0300] "GET /rentvilla/wp-content/themes/homey/js/theia-sticky-sidebar.js?ver=0.5.1 HTTP/1.1" 200 16324 "https://h141281.s06.test-hf.su/rentvilla/city/miami/" "Mozilla/5.0 (Windows NT 10.0; Win64; x64) AppleWebKit/537.36 (KHTML, like Gecko) Chrome/77.0.3865.120 Safari/537.36"
46.164.156.66 - - [08/Nov/2019:15:09:08 +0300] "GET /rentvilla/wp-includes/js/jquery/ui/effect.min.js?ver=1.11.4 HTTP/1.1" 200 13420 "https://h141281.s06.test-hf.su/rentvilla/city/miami/" "Mozilla/5.0 (Windows NT 10.0; Win64; x64) AppleWebKit/537.36 (KHTML, like Gecko) Chrome/77.0.3865.120 Safari/537.36"
46.164.156.66 - - [08/Nov/2019:15:09:08 +0300] "GET /rentvilla/wp-includes/js/jquery/ui/datepicker.min.js?ver=1.11.4 HTTP/1.1" 200 36508 "https://h141281.s06.test-hf.su/rentvilla/city/miami/" "Mozilla/5.0 (Windows NT 10.0; Win64; x64) AppleWebKit/537.36 (KHTML, like Gecko) Chrome/77.0.3865.120 Safari/537.36"
46.164.156.66 - - [08/Nov/2019:15:09:08 +0300] "GET /rentvilla/wp-content/themes/homey/js/custom.js?ver=1.4.2.1 HTTP/1.1" 200 75558 "https://h141281.s06.test-hf.su/rentvilla/city/miami/" "Mozilla/5.0 (Windows NT 10.0; Win64; x64) AppleWebKit/537.36 (KHTML, like Gecko) Chrome/77.0.3865.120 Safari/537.36"
46.164.156.66 - - [08/Nov/2019:15:09:08 +0300] "GET /rentvilla/wp-content/themes/homey/js/richmarker-compiled.js?ver=1.0.0 HTTP/1.1" 200 10474 "https://h141281.s06.test-hf.su/rentvilla/city/miami/" "Mozilla/5.0 (Windows NT 10.0; Win64; x64) AppleWebKit/537.36 (KHTML, like Gecko) Chrome/77.0.3865.120 Safari/537.36"
46.164.156.66 - - [08/Nov/2019:15:09:08 +0300] "GET /rentvilla/wp-content/themes/homey/js/homey-ajax.js?ver=1.4.2.1 HTTP/1.1" 200 118247 "https://h141281.s06.test-hf.su/rentvilla/city/miami/" "Mozilla/5.0 (Windows NT 10.0; Win64; x64) AppleWebKit/537.36 (KHTML, like Gecko) Chrome/77.0.3865.120 Safari/537.36"
46.164.156.66 - - [08/Nov/2019:15:09:08 +0300] "GET /rentvilla/wp-content/themes/homey/js/homey-maps.js?ver=1.4.2.1 HTTP/1.1" 200 39794 "https://h141281.s06.test-hf.su/rentvilla/city/miami/" "Mozilla/5.0 (Windows NT 10.0; Win64; x64) AppleWebKit/537.36 (KHTML, like Gecko) Chrome/77.0.3865.120 Safari/537.36"
46.164.156.66 - - [08/Nov/2019:15:09:08 +0300] "GET /rentvilla/wp-content/themes/homey/js/markerclusterer.min.js?ver=2.1.1 HTTP/1.1" 200 21983 "https://h141281.s06.test-hf.su/rentvilla/city/miami/" "Mozilla/5.0 (Windows NT 10.0; Win64; x64) AppleWebKit/537.36 (KHTML, like Gecko) Chrome/77.0.3865.120 Safari/537.36"
46.164.156.66 - - [08/Nov/2019:15:09:09 +0300] "GET /rentvilla/wp-includes/js/wp-embed.js?ver=5.2.4 HTTP/1.1" 200 3214 "https://h141281.s06.test-hf.su/rentvilla/city/miami/" "Mozilla/5.0 (Windows NT 10.0; Win64; x64) AppleWebKit/537.36 (KHTML, like Gecko) Chrome/77.0.3865.120 Safari/537.36"
46.164.156.66 - - [08/Nov/2019:15:09:09 +0300] "GET /rentvilla/wp-includes/js/twemoji.js?ver=5.2.4 HTTP/1.1" 200 27617 "https://h141281.s06.test-hf.su/rentvilla/city/miami/" "Mozilla/5.0 (Windows NT 10.0; Win64; x64) AppleWebKit/537.36 (KHTML, like Gecko) Chrome/77.0.3865.120 Safari/537.36"
46.164.156.66 - - [08/Nov/2019:15:09:09 +0300] "GET /rentvilla/wp-includes/js/wp-emoji.js?ver=5.2.4 HTTP/1.1" 200 8914 "https://h141281.s06.test-hf.su/rentvilla/city/miami/" "Mozilla/5.0 (Windows NT 10.0; Win64; x64) AppleWebKit/537.36 (KHTML, like Gecko) Chrome/77.0.3865.120 Safari/537.36"
46.164.156.66 - - [08/Nov/2019:15:09:09 +0300] "GET /rentvilla/wp-content/themes/homey/images/instagram.png HTTP/1.1" 200 1651 "https://h141281.s06.test-hf.su/rentvilla/wp-content/themes/homey/css/main.css?ver=1.4.2.1" "Mozilla/5.0 (Windows NT 10.0; Win64; x64) AppleWebKit/537.36 (KHTML, like Gecko) Chrome/77.0.3865.120 Safari/537.36"
46.164.156.66 - - [08/Nov/2019:15:09:09 +0300] "GET /rentvilla/wp-content/themes/homey/images/youtube.png HTTP/1.1" 200 2296 "https://h141281.s06.test-hf.su/rentvilla/wp-content/themes/homey/css/main.css?ver=1.4.2.1" "Mozilla/5.0 (Windows NT 10.0; Win64; x64) AppleWebKit/537.36 (KHTML, like Gecko) Chrome/77.0.3865.120 Safari/537.36"
46.164.156.66 - - [08/Nov/2019:15:09:09 +0300] "GET /rentvilla/wp-content/themes/homey/images/facebook.png HTTP/1.1" 200 1154 "https://h141281.s06.test-hf.su/rentvilla/wp-content/themes/homey/css/main.css?ver=1.4.2.1" "Mozilla/5.0 (Windows NT 10.0; Win64; x64) AppleWebKit/537.36 (KHTML, like Gecko) Chrome/77.0.3865.120 Safari/537.36"
188.163.44.231 - - [08/Nov/2019:15:09:08 +0300] "GET /rentvilla/search-results/?location_search=&search_city=&search_area=&search_country=&arrive=&depart=&guest= HTTP/1.0" 200 314190 "https://h141281.s06.test-hf.su/rentvilla/" "Mozilla/5.0 (Windows NT 10.0; Win64; x64) AppleWebKit/537.36 (KHTML, like Gecko) Chrome/78.0.3904.70 Safari/537.36"
46.164.156.66 - - [08/Nov/2019:15:09:09 +0300] "GET /rentvilla/wp-content/plugins/contact-form-7/images/ajax-loader.gif HTTP/1.1" 200 847 "https://h141281.s06.test-hf.su/rentvilla/wp-content/plugins/contact-form-7/includes/css/styles.css?ver=5.1.4" "Mozilla/5.0 (Windows NT 10.0; Win64; x64) AppleWebKit/537.36 (KHTML, like Gecko) Chrome/77.0.3865.120 Safari/537.36"
188.163.44.231 - - [08/Nov/2019:15:09:10 +0300] "GET /rentvilla/wp-content/uploads/2019/11/a780d945-2ec0-44b3-9590-d6f55b8dcec6-450x300.jpg HTTP/1.1" 304 0 "https://h141281.s06.test-hf.su/rentvilla/search-results/?location_search=&search_city=&search_area=&search_country=&arrive=&depart=&guest=" "Mozilla/5.0 (Windows NT 10.0; Win64; x64) AppleWebKit/537.36 (KHTML, like Gecko) Chrome/78.0.3904.70 Safari/537.36"
188.163.44.231 - - [08/Nov/2019:15:09:10 +0300] "GET /rentvilla/wp-content/uploads/2019/11/807b37ae-4dd4-4c06-bcbf-7609e0e787d5-450x300.jpg HTTP/1.1" 304 0 "https://h141281.s06.test-hf.su/rentvilla/search-results/?location_search=&search_city=&search_area=&search_country=&arrive=&depart=&guest=" "Mozilla/5.0 (Windows NT 10.0; Win64; x64) AppleWebKit/537.36 (KHTML, like Gecko) Chrome/78.0.3904.70 Safari/537.36"
46.164.156.66 - - [08/Nov/2019:15:09:11 +0300] "GET /rentvilla/wp-content/uploads/2018/10/favicon-2.png HTTP/1.1" 200 491 "https://h141281.s06.test-hf.su/rentvilla/city/miami/" "Mozilla/5.0 (Windows NT 10.0; Win64; x64) AppleWebKit/537.36 (KHTML, like Gecko) Chrome/77.0.3865.120 Safari/537.36"
188.163.44.231 - - [08/Nov/2019:15:09:11 +0300] "POST /rentvilla/wp-admin/admin-ajax.php HTTP/1.0" 200 37 "https://h141281.s06.test-hf.su/rentvilla/search-results/?location_search=&search_city=&search_area=&search_country=&arrive=&depart=&guest=" "Mozilla/5.0 (Windows NT 10.0; Win64; x64) AppleWebKit/537.36 (KHTML, like Gecko) Chrome/78.0.3904.70 Safari/537.36"
46.164.156.66 - - [08/Nov/2019:15:09:09 +0300] "POST /rentvilla/wp-admin/admin-ajax.php HTTP/1.0" 200 37 "https://h141281.s06.test-hf.su/rentvilla/city/miami/" "Mozilla/5.0 (Windows NT 10.0; Win64; x64) AppleWebKit/537.36 (KHTML, like Gecko) Chrome/77.0.3865.120 Safari/537.36"
188.163.44.231 - - [08/Nov/2019:15:09:11 +0300] "POST /rentvilla/wp-admin/admin-ajax.php HTTP/1.0" 200 78587 "https://h141281.s06.test-hf.su/rentvilla/search-results/?location_search=&search_city=&search_area=&search_country=&arrive=&depart=&guest=" "Mozilla/5.0 (Windows NT 10.0; Win64; x64) AppleWebKit/537.36 (KHTML, like Gecko) Chrome/78.0.3904.70 Safari/537.36"
188.163.44.231 - - [08/Nov/2019:15:09:16 +0300] "GET /rentvilla/search-results/?location_search=&search_city=&search_area=&search_country=&arrive=21-11-2019&depart=23-11-2019&guest=&min-price=&max-price=&bedrooms=&rooms=&room_size= HTTP/1.0" 200 315956 "https://h141281.s06.test-hf.su/rentvilla/search-results/?location_search=&search_city=&search_area=&search_country=&arrive=&depart=&guest=" "Mozilla/5.0 (Windows NT 10.0; Win64; x64) AppleWebKit/537.36 (KHTML, like Gecko) Chrome/78.0.3904.70 Safari/537.36"
188.163.44.231 - - [08/Nov/2019:15:09:19 +0300] "POST /rentvilla/wp-admin/admin-ajax.php HTTP/1.0" 200 37 "https://h141281.s06.test-hf.su/rentvilla/search-results/?location_search=&search_city=&search_area=&search_country=&arrive=21-11-2019&depart=23-11-2019&guest=&min-price=&max-price=&bedrooms=&rooms=&room_size=" "Mozilla/5.0 (Windows NT 10.0; Win64; x64) AppleWebKit/537.36 (KHTML, like Gecko) Chrome/78.0.3904.70 Safari/537.36"
188.163.44.231 - - [08/Nov/2019:15:09:19 +0300] "POST /rentvilla/wp-admin/admin-ajax.php HTTP/1.0" 200 79291 "https://h141281.s06.test-hf.su/rentvilla/search-results/?location_search=&search_city=&search_area=&search_country=&arrive=21-11-2019&depart=23-11-2019&guest=&min-price=&max-price=&bedrooms=&rooms=&room_size=" "Mozilla/5.0 (Windows NT 10.0; Win64; x64) AppleWebKit/537.36 (KHTML, like Gecko) Chrome/78.0.3904.70 Safari/537.36"
46.164.156.66 - - [08/Nov/2019:15:10:10 +0300] "POST /rentvilla/wp-admin/admin-ajax.php HTTP/1.0" 200 37 "https://h141281.s06.test-hf.su/rentvilla/city/miami/" "Mozilla/5.0 (Windows NT 10.0; Win64; x64) AppleWebKit/537.36 (KHTML, like Gecko) Chrome/77.0.3865.120 Safari/537.36"
188.163.44.231 - - [08/Nov/2019:15:10:19 +0300] "POST /rentvilla/wp-admin/admin-ajax.php HTTP/1.0" 200 37 "https://h141281.s06.test-hf.su/rentvilla/search-results/?location_search=&search_city=&search_area=&search_country=&arrive=21-11-2019&depart=23-11-2019&guest=&min-price=&max-price=&bedrooms=&rooms=&room_size=" "Mozilla/5.0 (Windows NT 10.0; Win64; x64) AppleWebKit/537.36 (KHTML, like Gecko) Chrome/78.0.3904.70 Safari/537.36"
46.164.156.66 - - [08/Nov/2019:15:11:10 +0300] "POST /rentvilla/wp-admin/admin-ajax.php HTTP/1.0" 200 37 "https://h141281.s06.test-hf.su/rentvilla/city/miami/" "Mozilla/5.0 (Windows NT 10.0; Win64; x64) AppleWebKit/537.36 (KHTML, like Gecko) Chrome/77.0.3865.120 Safari/537.36"
188.163.44.231 - - [08/Nov/2019:15:11:19 +0300] "POST /rentvilla/wp-admin/admin-ajax.php HTTP/1.0" 200 37 "https://h141281.s06.test-hf.su/rentvilla/search-results/?location_search=&search_city=&search_area=&search_country=&arrive=21-11-2019&depart=23-11-2019&guest=&min-price=&max-price=&bedrooms=&rooms=&room_size=" "Mozilla/5.0 (Windows NT 10.0; Win64; x64) AppleWebKit/537.36 (KHTML, like Gecko) Chrome/78.0.3904.70 Safari/537.36"
46.164.156.66 - - [08/Nov/2019:15:12:10 +0300] "POST /rentvilla/wp-admin/admin-ajax.php HTTP/1.0" 200 37 "https://h141281.s06.test-hf.su/rentvilla/city/miami/" "Mozilla/5.0 (Windows NT 10.0; Win64; x64) AppleWebKit/537.36 (KHTML, like Gecko) Chrome/77.0.3865.120 Safari/537.36"
188.163.44.231 - - [08/Nov/2019:15:12:19 +0300] "POST /rentvilla/wp-admin/admin-ajax.php HTTP/1.0" 200 37 "https://h141281.s06.test-hf.su/rentvilla/search-results/?location_search=&search_city=&search_area=&search_country=&arrive=21-11-2019&depart=23-11-2019&guest=&min-price=&max-price=&bedrooms=&rooms=&room_size=" "Mozilla/5.0 (Windows NT 10.0; Win64; x64) AppleWebKit/537.36 (KHTML, like Gecko) Chrome/78.0.3904.70 Safari/537.36"
46.164.156.66 - - [08/Nov/2019:15:13:10 +0300] "POST /rentvilla/wp-admin/admin-ajax.php HTTP/1.0" 200 37 "https://h141281.s06.test-hf.su/rentvilla/city/miami/" "Mozilla/5.0 (Windows NT 10.0; Win64; x64) AppleWebKit/537.36 (KHTML, like Gecko) Chrome/77.0.3865.120 Safari/537.36"
188.163.44.231 - - [08/Nov/2019:15:13:19 +0300] "POST /rentvilla/wp-admin/admin-ajax.php HTTP/1.0" 200 37 "https://h141281.s06.test-hf.su/rentvilla/search-results/?location_search=&search_city=&search_area=&search_country=&arrive=21-11-2019&depart=23-11-2019&guest=&min-price=&max-price=&bedrooms=&rooms=&room_size=" "Mozilla/5.0 (Windows NT 10.0; Win64; x64) AppleWebKit/537.36 (KHTML, like Gecko) Chrome/78.0.3904.70 Safari/537.36"
46.164.156.66 - - [08/Nov/2019:15:14:10 +0300] "POST /rentvilla/wp-admin/admin-ajax.php HTTP/1.0" 200 37 "https://h141281.s06.test-hf.su/rentvilla/city/miami/" "Mozilla/5.0 (Windows NT 10.0; Win64; x64) AppleWebKit/537.36 (KHTML, like Gecko) Chrome/77.0.3865.120 Safari/537.36"
188.163.44.231 - - [08/Nov/2019:15:14:19 +0300] "POST /rentvilla/wp-admin/admin-ajax.php HTTP/1.0" 200 37 "https://h141281.s06.test-hf.su/rentvilla/search-results/?location_search=&search_city=&search_area=&search_country=&arrive=21-11-2019&depart=23-11-2019&guest=&min-price=&max-price=&bedrooms=&rooms=&room_size=" "Mozilla/5.0 (Windows NT 10.0; Win64; x64) AppleWebKit/537.36 (KHTML, like Gecko) Chrome/78.0.3904.70 Safari/537.36"
46.164.156.66 - - [08/Nov/2019:15:15:10 +0300] "POST /rentvilla/wp-admin/admin-ajax.php HTTP/1.0" 200 37 "https://h141281.s06.test-hf.su/rentvilla/city/miami/" "Mozilla/5.0 (Windows NT 10.0; Win64; x64) AppleWebKit/537.36 (KHTML, like Gecko) Chrome/77.0.3865.120 Safari/537.36"
188.163.44.231 - - [08/Nov/2019:15:15:19 +0300] "POST /rentvilla/wp-admin/admin-ajax.php HTTP/1.0" 200 37 "https://h141281.s06.test-hf.su/rentvilla/search-results/?location_search=&search_city=&search_area=&search_country=&arrive=21-11-2019&depart=23-11-2019&guest=&min-price=&max-price=&bedrooms=&rooms=&room_size=" "Mozilla/5.0 (Windows NT 10.0; Win64; x64) AppleWebKit/537.36 (KHTML, like Gecko) Chrome/78.0.3904.70 Safari/537.36"
46.164.156.66 - - [08/Nov/2019:15:16:10 +0300] "POST /rentvilla/wp-admin/admin-ajax.php HTTP/1.0" 200 37 "https://h141281.s06.test-hf.su/rentvilla/city/miami/" "Mozilla/5.0 (Windows NT 10.0; Win64; x64) AppleWebKit/537.36 (KHTML, like Gecko) Chrome/77.0.3865.120 Safari/537.36"
188.163.44.231 - - [08/Nov/2019:15:16:19 +0300] "POST /rentvilla/wp-admin/admin-ajax.php HTTP/1.0" 200 37 "https://h141281.s06.test-hf.su/rentvilla/search-results/?location_search=&search_city=&search_area=&search_country=&arrive=21-11-2019&depart=23-11-2019&guest=&min-price=&max-price=&bedrooms=&rooms=&room_size=" "Mozilla/5.0 (Windows NT 10.0; Win64; x64) AppleWebKit/537.36 (KHTML, like Gecko) Chrome/78.0.3904.70 Safari/537.36"
46.164.156.66 - - [08/Nov/2019:15:17:10 +0300] "POST /rentvilla/wp-admin/admin-ajax.php HTTP/1.0" 200 37 "https://h141281.s06.test-hf.su/rentvilla/city/miami/" "Mozilla/5.0 (Windows NT 10.0; Win64; x64) AppleWebKit/537.36 (KHTML, like Gecko) Chrome/77.0.3865.120 Safari/537.36"
188.163.44.231 - - [08/Nov/2019:15:17:19 +0300] "POST /rentvilla/wp-admin/admin-ajax.php HTTP/1.0" 200 37 "https://h141281.s06.test-hf.su/rentvilla/search-results/?location_search=&search_city=&search_area=&search_country=&arrive=21-11-2019&depart=23-11-2019&guest=&min-price=&max-price=&bedrooms=&rooms=&room_size=" "Mozilla/5.0 (Windows NT 10.0; Win64; x64) AppleWebKit/537.36 (KHTML, like Gecko) Chrome/78.0.3904.70 Safari/537.36"
46.164.156.66 - - [08/Nov/2019:15:18:10 +0300] "POST /rentvilla/wp-admin/admin-ajax.php HTTP/1.0" 200 37 "https://h141281.s06.test-hf.su/rentvilla/city/miami/" "Mozilla/5.0 (Windows NT 10.0; Win64; x64) AppleWebKit/537.36 (KHTML, like Gecko) Chrome/77.0.3865.120 Safari/537.36"
188.163.44.231 - - [08/Nov/2019:15:18:19 +0300] "POST /rentvilla/wp-admin/admin-ajax.php HTTP/1.0" 200 37 "https://h141281.s06.test-hf.su/rentvilla/search-results/?location_search=&search_city=&search_area=&search_country=&arrive=21-11-2019&depart=23-11-2019&guest=&min-price=&max-price=&bedrooms=&rooms=&room_size=" "Mozilla/5.0 (Windows NT 10.0; Win64; x64) AppleWebKit/537.36 (KHTML, like Gecko) Chrome/78.0.3904.70 Safari/537.36"
46.164.156.66 - - [08/Nov/2019:15:19:10 +0300] "POST /rentvilla/wp-admin/admin-ajax.php HTTP/1.0" 200 37 "https://h141281.s06.test-hf.su/rentvilla/city/miami/" "Mozilla/5.0 (Windows NT 10.0; Win64; x64) AppleWebKit/537.36 (KHTML, like Gecko) Chrome/77.0.3865.120 Safari/537.36"
188.163.44.231 - - [08/Nov/2019:15:19:12 +0300] "GET /rentvilla/wp-admin/plugins.php HTTP/1.0" 200 203076 "https://h141281.s06.test-hf.su/rentvilla/wp-admin/admin.php?page=rentvilla_data_statistics&charts&tgmpa-dismiss=dismiss_admin_notices&_wpnonce=9c8faf292f" "Mozilla/5.0 (Windows NT 10.0; Win64; x64) AppleWebKit/537.36 (KHTML, like Gecko) Chrome/78.0.3904.70 Safari/537.36"
188.163.44.231 - - [08/Nov/2019:15:19:20 +0300] "POST /rentvilla/wp-admin/admin-ajax.php HTTP/1.0" 200 37 "https://h141281.s06.test-hf.su/rentvilla/search-results/?location_search=&search_city=&search_area=&search_country=&arrive=21-11-2019&depart=23-11-2019&guest=&min-price=&max-price=&bedrooms=&rooms=&room_size=" "Mozilla/5.0 (Windows NT 10.0; Win64; x64) AppleWebKit/537.36 (KHTML, like Gecko) Chrome/78.0.3904.70 Safari/537.36"
